> Task :app:preBuild UP-TO-DATE
> Task :app:preDebugBuild UP-TO-DATE
> Task :app:mergeDebugNativeDebugMetadata NO-SOURCE
> Task :app:compileDebugAidl UP-TO-DATE
> Task :app:generateDebugResources UP-TO-DATE
> Task :app:packageDebugResources UP-TO-DATE
> Task :calc:preBuild UP-TO-DATE
> Task :calc:preDebugBuild UP-TO-DATE
> Task :calc:processDebugNavigationResources UP-TO-DATE
> Task :app:processDebugNavigationResources UP-TO-DATE
> Task :app:parseDebugLocalResources UP-TO-DATE
> Task :app:generateDebugRFile UP-TO-DATE
> Task :calc:generateDebugResources UP-TO-DATE
> Task :calc:packageDebugResources UP-TO-DATE
> Task :calc:parseDebugLocalResources UP-TO-DATE
> Task :calc:generateDebugRFile UP-TO-DATE
> Task :calc:compileDebugKotlin UP-TO-DATE
> Task :calc:javaPreCompileDebug UP-TO-DATE
> Task :calc:compileDebugJavaWithJavac NO-SOURCE
> Task :calc:bundleLibCompileToJarDebug UP-TO-DATE
> Task :app:compileDebugKotlin UP-TO-DATE
> Task :app:javaPreCompileDebug UP-TO-DATE
> Task :app:compileDebugJavaWithJavac UP-TO-DATE
> Task :app:generateDebugAssets UP-TO-DATE
> Task :calc:generateDebugAssets UP-TO-DATE
> Task :calc:mergeDebugAssets
> Task :app:mergeDebugAssets
> Task :app:compressDebugAssets
> Task :app:generateDebugGlobalSynthetics
> Task :app:processDebugJavaRes UP-TO-DATE
> Task :calc:processDebugJavaRes UP-TO-DATE
> Task :calc:writeDebugAarMetadata UP-TO-DATE
> Task :app:checkDebugAarMetadata UP-TO-DATE
> Task :app:mapDebugSourceSetPaths UP-TO-DATE
> Task :app:compileDebugNavigationResources UP-TO-DATE
> Task :app:mergeDebugResources UP-TO-DATE
> Task :app:createDebugCompatibleScreenManifests UP-TO-DATE
> Task :app:extractDeepLinksDebug UP-TO-DATE
> Task :calc:extractDeepLinksDebug UP-TO-DATE
> Task :calc:processDebugManifest UP-TO-DATE
> Task :calc:bundleLibRuntimeToDirDebug
> Task :app:checkDebugDuplicateClasses
> Task :app:processDebugMainManifest UP-TO-DATE
> Task :app:processDebugManifest UP-TO-DATE
> Task :app:processDebugManifestForPackage UP-TO-DATE
> Task :calc:mapDebugSourceSetPaths UP-TO-DATE
> Task :calc:compileDebugLibraryResources UP-TO-DATE
> Task :app:processDebugResources UP-TO-DATE
> Task :app:mergeDebugJavaResource
> Task :app:desugarDebugFileDependencies
> Task :app:dexBuilderDebug
> Task :app:mergeDebugJniLibFolders
> Task :calc:mergeDebugJniLibFolders
> Task :calc:mergeDebugNativeLibs NO-SOURCE
> Task :calc:copyDebugJniLibsProjectOnly
> Task :app:validateSigningDebug
> Task :app:writeDebugAppMetadata
> Task :app:writeDebugSigningConfigVersions
> Task :app:mergeLibDexDebug
> Task :app:mergeProjectDexDebug
> Task :app:mergeDebugNativeLibs

> Task :app:stripDebugDebugSymbols
Unable to strip the following libraries, packaging them as they are: libandroidx.graphics.path.so, libonnxruntime.so, libsherpa-onnx-c-api.so, libsherpa-onnx-cxx-api.so, libsherpa-onnx-jni.so. Run with --info option to learn more.

> Task :app:mergeExtDexDebug
> Task :app:packageDebug
> Task :app:createDebugApkListingFileRedirect
> Task :app:assembleDebug

BUILD SUCCESSFUL in 10s
56 actionable tasks: 22 executed, 34 up-to-date
Consider enabling configuration cache to speed up this build: https://docs.gradle.org/9.7.1/userguide/configuration_cache_enabling.html
