> Task :app:preBuild UP-TO-DATE
> Task :app:preDebugBuild UP-TO-DATE
> Task :app:compileDebugAidl UP-TO-DATE
> Task :app:generateDebugResources
> Task :app:packageDebugResources
> Task :calc:preBuild UP-TO-DATE
> Task :calc:preDebugBuild UP-TO-DATE
> Task :calc:processDebugNavigationResources UP-TO-DATE
> Task :app:processDebugNavigationResources
> Task :calc:generateDebugResources UP-TO-DATE
> Task :calc:packageDebugResources UP-TO-DATE
> Task :calc:parseDebugLocalResources UP-TO-DATE
> Task :calc:generateDebugRFile UP-TO-DATE
> Task :calc:compileDebugKotlin UP-TO-DATE
> Task :calc:javaPreCompileDebug UP-TO-DATE
> Task :calc:compileDebugJavaWithJavac NO-SOURCE
> Task :calc:bundleLibCompileToJarDebug UP-TO-DATE
> Task :app:javaPreCompileDebug UP-TO-DATE
> Task :calc:writeDebugAarMetadata UP-TO-DATE
> Task :app:parseDebugLocalResources
> Task :app:checkDebugAarMetadata UP-TO-DATE
> Task :app:mapDebugSourceSetPaths
> Task :app:compileDebugNavigationResources UP-TO-DATE
> Task :app:generateDebugRFile
> Task :app:mergeDebugResources
> Task :app:createDebugCompatibleScreenManifests UP-TO-DATE
> Task :app:extractDeepLinksDebug UP-TO-DATE
> Task :calc:extractDeepLinksDebug UP-TO-DATE
> Task :calc:processDebugManifest UP-TO-DATE
> Task :app:processDebugMainManifest
> Task :app:processDebugManifest
> Task :calc:mapDebugSourceSetPaths UP-TO-DATE
> Task :calc:compileDebugLibraryResources UP-TO-DATE
> Task :app:preDebugUnitTestBuild UP-TO-DATE
> Task :app:javaPreCompileDebugUnitTest UP-TO-DATE
> Task :calc:bundleLibRuntimeToJarDebug UP-TO-DATE
> Task :calc:processDebugJavaRes UP-TO-DATE
> Task :app:processDebugManifestForPackage
> Task :app:processDebugResources

> Task :app:compileDebugKotlin
w: file:///home/jeremyking/projects/metro-launcher-p16/app/src/main/kotlin/app/tileshell/onboarding/Checklist.kt:69:20 'fun unsafeCheckOpNoThrow(p0: String, p1: Int, p2: String): Int' is deprecated. Deprecated in Java.

> Task :app:compileDebugJavaWithJavac UP-TO-DATE
> Task :app:processDebugJavaRes
> Task :app:bundleDebugClassesToRuntimeJar
> Task :app:bundleDebugClassesToCompileJar
> Task :app:compileDebugUnitTestKotlin
> Task :app:compileDebugUnitTestJavaWithJavac NO-SOURCE
> Task :app:processDebugUnitTestJavaRes

> Task :app:testDebugUnitTest FAILED

SetupWizardTest > a grant on resume advances with a granted line FAILED
    java.lang.AssertionError at SetupWizardTest.kt:161

SetupWizardTest > Not now through the E2 run records the steps in order and ends on the presets page FAILED
    java.lang.AssertionError at SetupWizardTest.kt:148

976 tests completed, 2 failed

[Incubating] Problems report is available at: file:///home/jeremyking/projects/metro-launcher-p16/build/reports/problems/problems-report.html

FAILURE: Build failed with an exception.

* What went wrong:
Execution failed for task ':app:testDebugUnitTest'.
> There were failing tests. See the report at: file:///home/jeremyking/projects/metro-launcher-p16/app/build/reports/tests/testDebugUnitTest/index.html

* Try:
> Run with --scan to get full insights from a Build Scan (powered by Develocity).

BUILD FAILED in 5s
41 actionable tasks: 18 executed, 23 up-to-date
