Starting a Gradle Daemon, 1 busy Daemon could not be reused, use --status for details
> Task :testapps:pick-probe:preBuild UP-TO-DATE
> Task :testapps:pick-probe:preDebugBuild UP-TO-DATE
> Task :testapps:pick-probe:mergeDebugNativeDebugMetadata NO-SOURCE
> Task :testapps:pick-probe:generateDebugResources
> Task :testapps:pick-probe:packageDebugResources
> Task :testapps:pick-probe:processDebugNavigationResources
> Task :testapps:pick-probe:generateDebugAssets UP-TO-DATE
> Task :testapps:pick-probe:javaPreCompileDebug
> Task :testapps:pick-probe:mergeDebugAssets
> Task :testapps:pick-probe:compressDebugAssets
> Task :testapps:pick-probe:parseDebugLocalResources
> Task :testapps:pick-probe:generateDebugGlobalSynthetics
> Task :testapps:pick-probe:desugarDebugFileDependencies
> Task :testapps:pick-probe:checkDebugDuplicateClasses
> Task :testapps:pick-probe:generateDebugRFile
> Task :testapps:pick-probe:checkDebugAarMetadata
> Task :testapps:pick-probe:mapDebugSourceSetPaths
> Task :testapps:pick-probe:mergeLibDexDebug
> Task :testapps:pick-probe:compileDebugNavigationResources
> Task :testapps:pick-probe:mergeDebugResources
> Task :testapps:pick-probe:createDebugCompatibleScreenManifests
> Task :testapps:pick-probe:extractDeepLinksDebug
> Task :testapps:pick-probe:processDebugMainManifest
> Task :testapps:pick-probe:processDebugManifest
> Task :testapps:pick-probe:mergeDebugJniLibFolders
> Task :testapps:pick-probe:compileDebugKotlin
> Task :testapps:pick-probe:compileDebugJavaWithJavac NO-SOURCE
> Task :testapps:pick-probe:processDebugJavaRes
> Task :testapps:pick-probe:mergeDebugNativeLibs NO-SOURCE
> Task :testapps:pick-probe:stripDebugDebugSymbols NO-SOURCE
> Task :testapps:pick-probe:validateSigningDebug
> Task :testapps:pick-probe:writeDebugAppMetadata
> Task :testapps:pick-probe:writeDebugSigningConfigVersions
> Task :testapps:pick-probe:processDebugManifestForPackage
> Task :testapps:pick-probe:mergeDebugJavaResource
> Task :testapps:pick-probe:processDebugResources
> Task :testapps:pick-probe:mergeExtDexDebug
> Task :testapps:pick-probe:dexBuilderDebug
> Task :testapps:pick-probe:mergeProjectDexDebug
> Task :testapps:pick-probe:packageDebug
> Task :testapps:pick-probe:createDebugApkListingFileRedirect
> Task :testapps:pick-probe:assembleDebug

BUILD SUCCESSFUL in 12s
34 actionable tasks: 34 executed
Consider enabling configuration cache to speed up this build: https://docs.gradle.org/9.7.1/userguide/configuration_cache_enabling.html
