C2 time(): upper bound removed |  1 file changed, 1 insertion(+), 1 deletion(-) | CAUGHT (gradle rc=1, 1111 tests run, 1 failed) | CalendarIntentsTest.insertBoundsWhatACallerSuggests | tree-clean=True
C3 time(): lower bound removed |  1 file changed, 1 insertion(+), 1 deletion(-) | CAUGHT (gradle rc=1, 1111 tests run, 1 failed) | CalendarIntentsTest.aMalformedOrForeignUriOpensToday | tree-clean=True
C4 authority prefix without the trailing slash |  1 file changed, 1 insertion(+), 1 deletion(-) | SURVIVED (gradle rc=0, 1111 tests run, 0 failed) |  | tree-clean=True
C5 EDIT accepts an id <= 0 |  1 file changed, 1 insertion(+), 1 deletion(-) | CAUGHT (gradle rc=1, 1111 tests run, 1 failed) | CalendarIntentsTest.aMalformedOrForeignUriOpensToday | tree-clean=True
C6 INSERT by type even when the data is a foreign URI |  1 file changed, 1 insertion(+), 1 deletion(-) | SURVIVED (gradle rc=0, 1111 tests run, 0 failed) |  | tree-clean=True
C7 INSERT keeps an end before its start |  1 file changed, 1 insertion(+), 1 deletion(-) | CAUGHT (gradle rc=1, 1111 tests run, 1 failed) | CalendarIntentsTest.insertBoundsWhatACallerSuggests | tree-clean=True
C8 allDay true unless the caller says false |  1 file changed, 1 insertion(+), 1 deletion(-) | CAUGHT (gradle rc=1, 1111 tests run, 3 failed) | CalendarIntentsTest.insertBoundsWhatACallerSuggests; CalendarIntentsTest.insertNeverCarriesACalendar; CalendarIntentsTest.insertPrefillsTheEditor | tree-clean=True
C9 VIEW accepts an event id <= 0 |  1 file changed, 1 insertion(+), 1 deletion(-) | CAUGHT (gradle rc=1, 1111 tests run, 1 failed) | CalendarIntentsTest.aMalformedOrForeignUriOpensToday | tree-clean=True
C10 EDIT on any two-segment path (time URI too) |  1 file changed, 1 insertion(+), 1 deletion(-) | CAUGHT (gradle rc=1, 1111 tests run, 1 failed) | CalendarIntentsTest.aMalformedOrForeignUriOpensToday | tree-clean=True
C11 fragment not stripped from the path |  1 file changed, 1 insertion(+), 1 deletion(-) | SURVIVED (gradle rc=0, 1111 tests run, 0 failed) |  | tree-clean=True
C12 query not stripped from the path |  1 file changed, 1 insertion(+), 1 deletion(-) | CAUGHT (gradle rc=1, 1111 tests run, 1 failed) | CalendarIntentsTest.aQueryOrFragmentOnTheUriIsNotPartOfTheId | tree-clean=True
C13 prefill text not trimmed |  1 file changed, 1 insertion(+), 1 deletion(-) | CAUGHT (gradle rc=1, 1111 tests run, 1 failed) | CalendarIntentsTest.insertBoundsWhatACallerSuggests | tree-clean=True
C14 INSERT on any calendar-provider path |  1 file changed, 1 insertion(+), 1 deletion(-) | CAUGHT (gradle rc=1, 1111 tests run, 1 failed) | CalendarIntentsTest.insertOnAnythingButEventsOpensToday | tree-clean=True
C15 VIEW event: begin/end extras not range-checked |  1 file changed, 1 insertion(+), 1 deletion(-) | SURVIVED (gradle rc=0, 1111 tests run, 0 failed) |  | tree-clean=True
C16 VIEW on an event routes to the editor (Edit) |  1 file changed, 1 insertion(+), 1 deletion(-) | CAUGHT (gradle rc=1, 1111 tests run, 2 failed) | CalendarIntentsTest.aQueryOrFragmentOnTheUriIsNotPartOfTheId; CalendarIntentsTest.viewOnAnEventOpensItsPageWithTheOccurrenceWhenGiven | tree-clean=True
P1 field length cap removed |  1 file changed, 1 insertion(+), 1 deletion(-) | CAUGHT (gradle rc=1, 1111 tests run, 1 failed) | PeopleIntentsTest.insertBoundsWhatACallerSuggests | tree-clean=True
P2 contacts/<id> accepts id <= 0 |  1 file changed, 1 insertion(+), 1 deletion(-) | CAUGHT (gradle rc=1, 1111 tests run, 1 failed) | PeopleIntentsTest.aMalformedOrForeignUriOpensTheList | tree-clean=True
P3 lookup key length bound removed |  1 file changed, 1 insertion(+), 1 deletion(-) | CAUGHT (gradle rc=1, 1111 tests run, 1 failed) | PeopleIntentsTest.aMalformedOrForeignUriOpensTheList | tree-clean=True
P4 any PICK is a contact pick |  1 file changed, 1 insertion(+), 1 deletion(-) | CAUGHT (gradle rc=1, 1111 tests run, 1 failed) | PeopleIntentsTest.pickNamesOnlyWhatKindOfUriGoesBack | tree-clean=True
P5 a phone PICK answers as a contact PICK |  1 file changed, 1 insertion(+), 1 deletion(-) | CAUGHT (gradle rc=1, 1111 tests run, 1 failed) | PeopleIntentsTest.pickNamesOnlyWhatKindOfUriGoesBack | tree-clean=True
P6 authority prefix without the trailing slash |  1 file changed, 1 insertion(+), 1 deletion(-) | SURVIVED (gradle rc=0, 1111 tests run, 0 failed) |  | tree-clean=True
P7 INSERT by type even when the data is a foreign URI |  1 file changed, 1 insertion(+), 1 deletion(-) | SURVIVED (gradle rc=0, 1111 tests run, 0 failed) |  | tree-clean=True
P8 INSERT_OR_EDIT whatever the type or data |  1 file changed, 1 insertion(+), 1 deletion(-) | SURVIVED (gradle rc=0, 1111 tests run, 0 failed) |  | tree-clean=True
P9 lookup/<key>/<id> accepts id <= 0 |  1 file changed, 1 insertion(+), 1 deletion(-) | SURVIVED (gradle rc=0, 1111 tests run, 0 failed) |  | tree-clean=True
P10 lookup path of any length >= 3 |  1 file changed, 1 insertion(+), 1 deletion(-) | CAUGHT (gradle rc=1, 1111 tests run, 1 failed) | PeopleIntentsTest.aMalformedOrForeignUriOpensTheList | tree-clean=True
P11 query not stripped from the path |  1 file changed, 1 insertion(+), 1 deletion(-) | SURVIVED (gradle rc=0, 1111 tests run, 0 failed) |  | tree-clean=True
P12 fragment not stripped from the path |  1 file changed, 1 insertion(+), 1 deletion(-) | SURVIVED (gradle rc=0, 1111 tests run, 0 failed) |  | tree-clean=True
P13 contacts/<x>/<y> taken as a lookup key whatever <x> is |  1 file changed, 1 insertion(+), 1 deletion(-) | SURVIVED (gradle rc=0, 1111 tests run, 0 failed) |  | tree-clean=True
P14 VIEW on a contact routes to Edit |  1 file changed, 1 insertion(+), 1 deletion(-) | CAUGHT (gradle rc=1, 1111 tests run, 1 failed) | PeopleIntentsTest.viewOnAContactOrLookupUriOpensTheCard | tree-clean=True
P15 INSERT on any contacts-provider path |  1 file changed, 1 insertion(+), 1 deletion(-) | CAUGHT (gradle rc=1, 1111 tests run, 1 failed) | PeopleIntentsTest.aMalformedOrForeignUriOpensTheList | tree-clean=True
P16 prefill text not trimmed |  1 file changed, 1 insertion(+), 1 deletion(-) | CAUGHT (gradle rc=1, 1111 tests run, 1 failed) | PeopleIntentsTest.insertBoundsWhatACallerSuggests | tree-clean=True
R1 plan ignores the notified set |  1 file changed, 1 insertion(+), 1 deletion(-) | CAUGHT (gradle rc=1, 1111 tests run, 2 failed) | CalendarRulesTest.aSecondOrForgedPokeForAHandledAlertDoesNothing; CalendarRulesTest.aNewAlertThatInheritedAHandledRowsIdStillNotifies | tree-clean=True
R2 plan notifies a synced copy |  1 file changed, 1 insertion(+), 1 deletion(-) | CAUGHT (gradle rc=1, 1111 tests run, 1 failed) | CalendarRulesTest.aSyncedCopysAlertIsSkippedAndItsOriginalsIsNotified | tree-clean=True
R3 plan: copy test inverted |  1 file changed, 1 insertion(+), 1 deletion(-) | CAUGHT (gradle rc=1, 1111 tests run, 3 failed) | CalendarRulesTest.aSyncedCopysAlertIsSkippedAndItsOriginalsIsNotified; CalendarRulesTest.aRowAnotherAppAlreadyFiredIsStillNotified; CalendarRulesTest.oneNotificationPerDueAlertNotYetHandled | tree-clean=True
R4 alert key without the alarm time |  1 file changed, 1 insertion(+), 1 deletion(-) | SURVIVED (gradle rc=0, 1111 tests run, 0 failed) |  | tree-clean=True
R5 alert key without the begin |  1 file changed, 1 insertion(+), 1 deletion(-) | SURVIVED (gradle rc=0, 1111 tests run, 0 failed) |  | tree-clean=True
R6 alert key on the row id |  1 file changed, 1 insertion(+), 1 deletion(-) | CAUGHT (gradle rc=1, 1111 tests run, 1 failed) | CalendarRulesTest.aNewAlertThatInheritedAHandledRowsIdStillNotifies | tree-clean=True
R7 notified set never shrinks |  1 file changed, 1 insertion(+), 1 deletion(-) | CAUGHT (gradle rc=1, 1111 tests run, 1 failed) | CalendarRulesTest.theNotifiedSetKeepsOnlyAlertsThatCanStillComeBack | tree-clean=True
R8 notified set = every live alert (a failed post is recorded too) |  1 file changed, 1 insertion(+), 1 deletion(-) | SURVIVED (gradle rc=0, 1111 tests run, 0 failed) |  | tree-clean=True
R9 notified set drops what was just added |  1 file changed, 1 insertion(+), 1 deletion(-) | CAUGHT (gradle rc=1, 1111 tests run, 1 failed) | CalendarRulesTest.theNotifiedSetKeepsOnlyAlertsThatCanStillComeBack | tree-clean=True
G1 receiver may set any columns |  1 file changed, 1 insertion(+), 1 deletion(-) | CAUGHT (gradle rc=1, 1111 tests run, 2 failed) | CalendarWriteGuardTest.everyCombinationOutsideTheFourCasesIsRefused; CalendarWriteGuardTest.anyOtherWriteByTheReceiverIsRefused | tree-clean=True
G2 receiver may use the sync-adapter URI |  1 file changed, 1 insertion(+), 1 deletion(-) | CAUGHT (gradle rc=1, 1111 tests run, 2 failed) | CalendarWriteGuardTest.everyCombinationOutsideTheFourCasesIsRefused; CalendarWriteGuardTest.anyOtherWriteByTheReceiverIsRefused | tree-clean=True
G3 receiver may insert/delete alerts |  1 file changed, 1 insertion(+), 1 deletion(-) | CAUGHT (gradle rc=1, 1111 tests run, 2 failed) | CalendarWriteGuardTest.everyCombinationOutsideTheFourCasesIsRefused; CalendarWriteGuardTest.anyOtherWriteByTheReceiverIsRefused | tree-clean=True
G4 receiver may update any table |  1 file changed, 1 insertion(+), 1 deletion(-) | CAUGHT (gradle rc=1, 1111 tests run, 2 failed) | CalendarWriteGuardTest.everyCombinationOutsideTheFourCasesIsRefused; CalendarWriteGuardTest.anyOtherWriteByTheReceiverIsRefused | tree-clean=True
G5 receiver may set state plus other columns |  1 file changed, 1 insertion(+), 1 deletion(-) | CAUGHT (gradle rc=1, 1111 tests run, 1 failed) | CalendarWriteGuardTest.anyOtherWriteByTheReceiverIsRefused | tree-clean=True
X1 PICK result grants write + persistable + prefix |  1 file changed, 1 insertion(+), 1 deletion(-) | SURVIVED (gradle rc=0, 1111 tests run, 0 failed) |  | tree-clean=True
X2 share stream = the whole contacts table |  1 file changed, 1 insertion(+), 1 deletion(-) | SURVIVED (gradle rc=0, 1111 tests run, 0 failed) |  | tree-clean=True
X3 reminder notification VISIBILITY_PUBLIC |  1 file changed, 1 insertion(+), 1 deletion(-) | SURVIVED (gradle rc=0, 1111 tests run, 0 failed) |  | tree-clean=True
X4 reminder PendingIntents mutable |  1 file changed, 2 insertions(+), 2 deletions(-) | SURVIVED (gradle rc=0, 1111 tests run, 0 failed) |  | tree-clean=True
X5 exported EDIT opens the editor for any calendar |  1 file changed, 1 insertion(+), 1 deletion(-) | SURVIVED (gradle rc=0, 1111 tests run, 0 failed) |  | tree-clean=True
X6 the caller's title written to the diagnostics ring |  1 file changed, 1 insertion(+), 1 deletion(-) | SURVIVED (gradle rc=0, 1111 tests run, 0 failed) |  | tree-clean=True
X7 public (lock-screen) version carries the event title |  1 file changed, 1 insertion(+), 1 deletion(-) | SURVIVED (gradle rc=0, 1111 tests run, 0 failed) |  | tree-clean=True
X8 the swipe receiver exported |  1 file changed, 1 insertion(+), 1 deletion(-) | SURVIVED (gradle rc=0, 1111 tests run, 0 failed) |  | tree-clean=True
