INFO         | Android emulator version 37.1.11.0 (build_id 15917651) (CL:N/A)
INFO         | Graphics backend: gfxstream
INFO         | Found systemPath /home/jeremyking/Android/Sdk/system-images/android-36/default/x86_64/
INFO         | Guest usage of host flag 'VulkanVirtualQueue' will be ignored.
INFO         | Guest GLES Driver: Auto (ext controls)
INFO         | emuglConfig_get_vulkan_hardware_gpu_support_info: Found physical GPU 'NVIDIA GeForce RTX 2060 SUPER', type: VK_PHYSICAL_DEVICE_TYPE_DISCRETE_GPU, apiVersion: 1.4.312, driverVersion: 580.173

INFO         | emuglConfig_get_vulkan_hardware_gpu_support_info: Found physical GPU 'AMD Radeon Graphics (RADV RAPHAEL_MENDOCINO)', type: VK_PHYSICAL_DEVICE_TYPE_INTEGRATED_GPU, apiVersion: 1.4.311, driverVersion: 25.1.5

INFO         | emuglConfig_get_vulkan_hardware_gpu_support_info: Found physical GPU 'llvmpipe (LLVM 21.0.0, 256 bits)', type: VK_PHYSICAL_DEVICE_TYPE_CPU, apiVersion: 1.4.318, driverVersion: 25.2.4

INFO         | emuglConfig_init: vulkan_mode_selected:host gles_mode_selected:host
INFO         | Checking system compatibility:
INFO         |   Checking: hasSufficientDiskSpace
INFO         |      Ok: Disk space requirements to run avd: `tileshell_fhd` are met
INFO         |   Checking: hasSufficientHwGpu
INFO         |      Ok: Hardware GPU requirements to run avd: `tileshell_fhd` are passed
INFO         |   Checking: hasSufficientSystem
INFO         |      Ok: System requirements to run avd: `tileshell_fhd` are met
WARNING      | Feature QuickbootFileBacked is disabled due to stability issues, if you really want that, the environment variable ANDROID_EMU_FORCE_QUICKBOOT_FILE_BACKED need to set to 1
INFO         | Storing crashdata in: /tmp/android-jeremyking/emu-crash-37.1.11.db, detection is enabled for process: 1004214
INFO         | Initializing gfxstream backend
INFO         | startOpenglesRendererImpl: gpu info
INFO         | 
INFO         | SharedLibrary::open for [/home/jeremyking/Android/Sdk/emulator/qemu/linux-x86_64/lib64/vulkan/libvulkan.so]
INFO         | SharedLibrary::open for [/home/jeremyking/Android/Sdk/emulator/qemu/linux-x86_64/lib64/vulkan/libvulkan.so.1]
INFO         | SharedLibrary::open for [/home/jeremyking/Android/Sdk/emulator/lib64/vulkan/libvulkan.so]
INFO         | Added library: /home/jeremyking/Android/Sdk/emulator/lib64/vulkan/libvulkan.so
INFO         | Selecting Vulkan device: NVIDIA GeForce RTX 2060 SUPER, Version: 1.4.312
INFO         | Using Vulkan externalMemoryMode: OpaqueFd for VkEmulation
INFO         | SharedLibrary::open for [libX11]
INFO         | SharedLibrary::open for [libX11-xcb]
WARNING      | Could not open libX11-xcb.so, try libX11-xcb.so.1
INFO         | SharedLibrary::open for [libX11-xcb.so.1]
INFO         | SharedLibrary::open for [libGL.so.1]
INFO         | Initializing VkEmulation features:
INFO         |     glInteropSupported: true
INFO         |     useDeferredCommands: true
INFO         |     createResourceWithRequirements: true
INFO         |     useVulkanComposition: false
INFO         |     useVulkanNativeSwapchain: false
INFO         |     enable guestRenderDoc: false
INFO         |     ASTC LDR emulation mode: Gpu
INFO         |     enable ETC2 emulation: true
INFO         |     enable Ycbcr emulation: false
INFO         |     guestVulkanOnly: false
INFO         |     useDedicatedAllocations: false
INFO         |     guestVulkanMaxApiVersion: 1.3.0
INFO         |     enableProtectedMemoryEmulation: false
INFO         | Graphics Adapter Vendor Google (NVIDIA Corporation)
INFO         | Graphics Adapter Android Emulator OpenGL ES Translator (NVIDIA GeForce RTX 2060 SUPER/PCIe/SSE2)
INFO         | Graphics API Version OpenGL ES 3.0 (4.5.0 NVIDIA 580.173.02)
INFO         | Graphics API Extensions GL_OES_EGL_sync GL_OES_EGL_image GL_OES_EGL_image_external GL_OES_depth24 GL_OES_depth32 GL_OES_element_index_uint GL_OES_texture_float GL_OES_texture_float_linear GL_OES_compressed_paletted_texture GL_OES_compressed_ETC1_RGB8_texture GL_OES_depth_texture GL_OES_texture_half_float GL_OES_texture_half_float_linear GL_OES_packed_depth_stencil GL_OES_vertex_half_float GL_OES_texture_npot GL_OES_rgb8_rgba8 GL_OVR_multiview2 GL_EXT_multiview_texture_multisample GL_EXT_color_buffer_float GL_EXT_color_buffer_half_float GL_EXT_texture_format_BGRA8888 GL_APPLE_texture_format_BGRA8888 GL_EXT_texture_buffer 
INFO         | Graphics Device Extensions N/A
INFO         | Disabling sparse binding feature support
INFO         | Sending adb public key [QAAAAHWTuLsjmwyfa8cmPbKcX2oKfBpeswOA8UPlbVInJE4gT28htXGgEQ9nc/kdnoO/aVOii7ocbBFqBZT+p7JFtkH/gzO9UC5E7AhDbGANz0E03YIh6D1MbLTeGdUxDJ/6X1tdK8MC9+80HAEvFfLtRUB5TW4ffL+8y8FIQ/BqRYDluRH8KkRfqWhjmCIihOmmJ3Co6vfuvvnspB1vU/Kdf7XLx0oL6zO5zzikvpa+i9Y/tVWtHwXEwcvQ5aERLIQ9BpGC5B1EmlYEf/Vfc+GDZJWY1tn+9h1k+FQ81oDVdhkuwGIs4yn99VHnWszfb7AIGqKKvnz8Ds8t1eESVHJj9imToR31jGE8/VgNWR7iUMDU1rub/IG5sSmmRYJNh+nBPWAChbeF+BLbSvt6TJB1q7t6uu+LyIUF2c/kbVkos1Cftb3FmYIJPyLyWz6tIN3aCueqqRDmtR75L7iI8FaFXqaVrAFG8hyqoICFb4+fTyLMKTXOzgJJu6QXZ6S2kjryItM948+iBecFkMsJklOXdSgrhIgEMvJjxjjckmrgu4FXp/zUrKXp7jWOVMEc0Kt1AWq12HQStuPhuXS6tF2zbVlnRZd+sbBymfvrKbwEkcxZ7yPbjf5b19Dql0PyNl0QlXwWONHK7JQvBb0GOpj4xEJtalrAhgJgEKCAWbQuy0Nk1bsFbwEAAQA= jeremyking@unknown]
INFO         | Userspace boot properties:
INFO         |   androidboot.boot_devices=pci0000:00/0000:00:03.0 pci0000:00/0000:00:06.0
INFO         |   androidboot.dalvik.vm.heapsize=576m
INFO         |   androidboot.debug.hwui.renderer=skiagl
INFO         |   androidboot.hardware=ranchu
INFO         |   androidboot.hardware.gltransport=pipe
INFO         |   androidboot.hardware.vulkan=ranchu
INFO         |   androidboot.logcat=*:V
INFO         |   androidboot.opengles.version=196609
INFO         |   androidboot.qemu=1
INFO         |   androidboot.qemu.adb.pubkey=QAAAAHWTuLsjmwyfa8cmPbKcX2oKfBpeswOA8UPlbVInJE4gT28htXGgEQ9nc/kdnoO/aVOii7ocbBFqBZT+p7JFtkH/gzO9UC5E7AhDbGANz0E03YIh6D1MbLTeGdUxDJ/6X1tdK8MC9+80HAEvFfLtRUB5TW4ffL+8y8FIQ/BqRYDluRH8KkRfqWhjmCIihOmmJ3Co6vfuvvnspB1vU/Kdf7XLx0oL6zO5zzikvpa+i9Y/tVWtHwXEwcvQ5aERLIQ9BpGC5B1EmlYEf/Vfc+GDZJWY1tn+9h1k+FQ81oDVdhkuwGIs4yn99VHnWszfb7AIGqKKvnz8Ds8t1eESVHJj9imToR31jGE8/VgNWR7iUMDU1rub/IG5sSmmRYJNh+nBPWAChbeF+BLbSvt6TJB1q7t6uu+LyIUF2c/kbVkos1Cftb3FmYIJPyLyWz6tIN3aCueqqRDmtR75L7iI8FaFXqaVrAFG8hyqoICFb4+fTyLMKTXOzgJJu6QXZ6S2kjryItM948+iBecFkMsJklOXdSgrhIgEMvJjxjjckmrgu4FXp/zUrKXp7jWOVMEc0Kt1AWq12HQStuPhuXS6tF2zbVlnRZd+sbBymfvrKbwEkcxZ7yPbjf5b19Dql0PyNl0QlXwWONHK7JQvBb0GOpj4xEJtalrAhgJgEKCAWbQuy0Nk1bsFbwEAAQA= jeremyking@unknown
INFO         |   androidboot.qemu.avd_name=tileshell_fhd
INFO         |   androidboot.qemu.camera_hq_edge_processing=0
INFO         |   androidboot.qemu.camera_protocol_ver=1
INFO         |   androidboot.qemu.cpuvulkan.version=4206592
INFO         |   androidboot.qemu.gltransport.drawFlushInterval=800
INFO         |   androidboot.qemu.gltransport.name=pipe
INFO         |   androidboot.qemu.hwcodec.avcdec=2
INFO         |   androidboot.qemu.hwcodec.hevcdec=2
INFO         |   androidboot.qemu.hwcodec.vpxdec=2
INFO         |   androidboot.qemu.settings.system.screen_off_timeout=2147483647
INFO         |   androidboot.qemu.skin=1080x2340
INFO         |   androidboot.qemu.virtiowifi=1
INFO         |   androidboot.qemu.vsync=60
INFO         |   androidboot.serialno=EMULATOR37X1X11X0
INFO         |   androidboot.vbmeta.digest=d691872627a6e6bd3bceb7dac3a30a498d305819c117349424d61aae8093028f
INFO         |   androidboot.vbmeta.hash_alg=sha256
INFO         |   androidboot.vbmeta.size=6848
INFO         |   androidboot.veritymode=enforcing
WARNING: cannnot unmap ptr 0x7e98cb001000 as it is in the protected range from 0x7e96cb000000 to 0x7e98cb200000
pc_memory_init: above 4g size: 140000000
INFO         | Activated packet streamer for bluetooth emulation
INFO         | Activated packet streamer for uwb emulation
INFO         | Monitoring duration of emulator setup.
INFO         | Successfully initialized netsim WiFi
INFO         | Setting display: 0 configuration to: 1080x2340, dpi: 450x450 
INFO         | setDisplayActiveConfig: id:0, 1080x2340
INFO         | Checking system compatibility:
INFO         |   Checking: hasSufficientDiskSpace
INFO         |      Ok: Disk space requirements to run avd: `tileshell_fhd` are met
INFO         |   Checking: hasSufficientHwGpu
INFO         |      Ok: Hardware GPU requirements to run avd: `tileshell_fhd` are passed
INFO         |   Checking: hasSufficientSystem
INFO         |      Ok: System requirements to run avd: `tileshell_fhd` are met
INFO         | emulatorSetupEnvironment: Environment scene is not required
USER_INFO    | Emulator is performing a full startup. This may take upto two minutes, or more.
INFO         | Warning: QMetaObject::connectSlotsByName: No matching signal for on_rgbcSensorValueWidget_valueChanged() (:0, )
INFO         | Warning: QMetaObject::connectSlotsByName: No matching signal for on_posture_valueChanged(int) (:0, )
INFO         | TouchpadHolder: registering via hw_xr_led agent for instance=0x555dc1aad980
INFO         | Warning: QObject::connect: Cannot queue arguments of type 'std::vector<android::emulation::control::SnapshotInfo>'
(Make sure 'std::vector<android::emulation::control::SnapshotInfo>' is registered using qRegisterMetaType().) (:0, )
INFO         | AVD supportsNativeGLES=1, supportsGuestAngle=1
INFO         | Guest Angle is still unstable for API > 35.
INFO         | Created extended window in 189.156ms
INFO         | Boot completed in 16091 ms
INFO         | Increasing screen off timeout, logcat buffer size to 2M.
INFO         | Wait for emulator (pid 1004214) 20 seconds to shutdown gracefully before kill;you can set environment variable ANDROID_EMULATOR_WAIT_TIME_BEFORE_KILL(in seconds) to change the default value (20 seconds)

INFO         | Wait for emulator (pid 1004214) 20 seconds to shutdown gracefully before kill;you can set environment variable ANDROID_EMULATOR_WAIT_TIME_BEFORE_KILL(in seconds) to change the default value (20 seconds)

INFO         | Saving with gfxstream=1
INFO         | Saving snapshot 'default_boot' using 3296 ms
ERROR        | stop: Not implemented
WARNING      | Emulator client has not yet been configured.. Call configure me first!
INFO         | removeAll
WARNING      | Netsim Wifi dns:///localhost:37859 is gone due to Stream removed (CANCELLED)
