── E13 regression: utterances, phase 02 regress.sh, the fixed helpers, phase 01 E2/E12/E19/E20, phase 03 E3/E5/E10
(0) utterances.py build with the five new ids
PASS  utterances.py build rc (the five new ids, under uv)         = 0
PASS  the build wrote pod_bay_doors                               contains [pod_bay_doors.wav]
PASS  the build wrote pod_bay_doors_noart                         contains [pod_bay_doors_noart.wav]
PASS  the build wrote pod_bay_open                                contains [pod_bay_open.wav]
PASS  the build wrote pod_bay_close                               contains [pod_bay_close.wav]
PASS  the build wrote pod_bay_neg1                                contains [pod_bay_neg1.wav]
PASS  the committed WAVs are back                                 = 0
PASS  utterance pod_bay_doors built                               = yes
PASS  utterance pod_bay_doors_noart built                         = yes
PASS  utterance pod_bay_open built                                = yes
PASS  utterance pod_bay_close built                               = yes
PASS  utterance pod_bay_neg1 built                                = yes
(1) phase 02 regress.sh
PASS  regress.sh exits 0                                          = 0
PASS  regress.sh: 0 failed                                        contains [ passed, 0 failed]
PASS  regress.sh: the home-line grep passed (home: page START)    contains [PASS  the shell logged the home event]
PASS  regress.sh: zero assignSlotOnce -> assigned after its restores (C-3)  = 0
(2) the fixed helpers, from the pod bay and from the app list
PASS  p02-gestures from pod_bay: on pod_bay first                 = yes
PASS  p02-gestures from pod_bay: the helper returns 0             = 0
PASS  p02-gestures from pod_bay: start_page alone                 = yes
PASS  p03-lib from pod_bay: on pod_bay first                      = yes
PASS  p03-lib from pod_bay: the helper returns 0                  = 0
PASS  p03-lib from pod_bay: start_page alone                      = yes
PASS  p11-q from pod_bay: on pod_bay first                        = yes
PASS  p11-q from pod_bay: the helper returns 0                    = 0
PASS  p11-q from pod_bay: start_page alone                        = yes
PASS  p02-gestures from app_list: on app_list first               = yes
PASS  p02-gestures from app_list: the helper returns 0            = 0
PASS  p02-gestures from app_list: start_page alone                = yes
PASS  p03-lib from app_list: on app_list first                    = yes
PASS  p03-lib from app_list: the helper returns 0                 = 0
PASS  p03-lib from app_list: start_page alone                     = yes
PASS  p11-q from app_list: on app_list first                      = yes
PASS  p11-q from app_list: the helper returns 0                   = 0
PASS  p11-q from app_list: start_page alone                       = yes
(3) phase 01 E2: the HOME role, and Home shows Start
PASS  phase 01 E2: HOME role holder                               = app.tileshell
PASS  phase 01 E2: Home shows Start                               = yes
(3) phase 01 E12: swipe left → the app list; search filters; a jump-grid letter jumps
PASS  phase 01 E12: swipe left shows the app list                 = yes
PASS  phase 01 E12: the results list is showing                   = yes
PASS  phase 01 E12: search 'clock' finds DeskClock                contains [com.android.deskclock]
PASS  phase 01 E12: and filters the list (fewer rows than before)  = yes
PASS  phase 01 E12: a letter header on the list                   != 
PASS  phase 01 E12: the header opens the jump grid                = yes
PASS  phase 01 E12: the grid closes on a letter                   = no
PASS  phase 01 E12: O is the first header on screen               = O
(3) phase 01 E19: bars on Start, the app list, a Settings page and Weather
PASS  phase 01 E19 start: system status bar not visible           = visible=false
PASS  phase 01 E19 start: system nav bar not visible              = visible=false
PASS  phase 01 E19 start: the drawn status bar                    = yes
PASS  phase 01 E19 start: the drawn nav bar                       = yes
PASS  phase 01 E19 applist: system status bar not visible         = visible=false
PASS  phase 01 E19 applist: system nav bar not visible            = visible=false
PASS  phase 01 E19 applist: the drawn status bar                  = yes
PASS  phase 01 E19 applist: the drawn nav bar                     = yes
PASS  phase 01 E19: Settings opens on the hub                     = yes
PASS  phase 01 E19 settings: system status bar not visible        = visible=false
PASS  phase 01 E19 settings: system nav bar not visible           = visible=false
PASS  phase 01 E19 settings: the drawn status bar                 = yes
PASS  phase 01 E19 settings: the drawn nav bar                    = yes
PASS  phase 01 E19: the Settings page is not the hub              = no
PASS  phase 01 E19: the drawn Back on a Settings page returns to the hub  = yes
PASS  phase 01 E19 weather: system status bar not visible         = visible=false
PASS  phase 01 E19 weather: system nav bar not visible            = visible=false
PASS  phase 01 E19 weather: the drawn status bar                  = yes
PASS  phase 01 E19 weather: the drawn nav bar                     = yes
(3) phase 01 E20: Back on Start brings DeskClock's Timer tab back
PASS  phase 01 E20: DeskClock's Timer tab is on screen            != 
PASS  phase 01 E20: Home shows Start                              = yes
PASS  phase 01 E20: the same task and activity resumed            = t6715}
PASS  phase 01 E20: DeskClock resumed                             contains [com.android.deskclock/]
PASS  phase 01 E20: the Timer tab is still selected               = yes
(4) phase 03 E3, E5, E10 — run unchanged, spoken through the emulator's route
PASS  phase 03 E3 passes unchanged (rc)                           = 0
PASS  phase 03 E5 passes unchanged (rc)                           = 0
FAIL  phase 03 E10 passes unchanged (rc)                          expected [0] got [1]
   E13: 70 passed, 1 failed, 0 recorded
