> Task :app:preBuild UP-TO-DATE
> Task :app:preDebugBuild UP-TO-DATE
> Task :app:mergeDebugNativeDebugMetadata NO-SOURCE
> Task :app:generateDebugResources UP-TO-DATE
> Task :app:packageDebugResources UP-TO-DATE
> Task :app:processDebugNavigationResources UP-TO-DATE
> Task :app:parseDebugLocalResources UP-TO-DATE
> Task :app:generateDebugRFile UP-TO-DATE
> Task :app:compileDebugKotlin UP-TO-DATE
> Task :app:javaPreCompileDebug UP-TO-DATE
> Task :app:compileDebugJavaWithJavac NO-SOURCE
> Task :app:generateDebugAssets UP-TO-DATE
> Task :app:mergeDebugAssets UP-TO-DATE
> Task :app:compressDebugAssets UP-TO-DATE
> Task :app:generateDebugGlobalSynthetics UP-TO-DATE
> Task :app:processDebugJavaRes UP-TO-DATE
> Task :app:mergeDebugJavaResource UP-TO-DATE
> Task :app:checkDebugDuplicateClasses UP-TO-DATE
> Task :app:desugarDebugFileDependencies UP-TO-DATE
> Task :app:mergeExtDexDebug UP-TO-DATE
> Task :app:mergeLibDexDebug UP-TO-DATE
> Task :app:checkDebugAarMetadata UP-TO-DATE
> Task :app:mapDebugSourceSetPaths UP-TO-DATE
> Task :app:compileDebugNavigationResources UP-TO-DATE
> Task :app:mergeDebugResources UP-TO-DATE
> Task :app:createDebugCompatibleScreenManifests UP-TO-DATE
> Task :app:extractDeepLinksDebug UP-TO-DATE
> Task :app:processDebugMainManifest UP-TO-DATE
> Task :app:processDebugManifest UP-TO-DATE
> Task :app:processDebugManifestForPackage UP-TO-DATE
> Task :app:processDebugResources UP-TO-DATE
> Task :app:dexBuilderDebug UP-TO-DATE
> Task :app:mergeProjectDexDebug UP-TO-DATE
> Task :app:mergeDebugJniLibFolders UP-TO-DATE
> Task :app:mergeDebugNativeLibs UP-TO-DATE
> Task :app:stripDebugDebugSymbols UP-TO-DATE
> Task :app:validateSigningDebug UP-TO-DATE
> Task :app:writeDebugAppMetadata UP-TO-DATE
> Task :app:writeDebugSigningConfigVersions UP-TO-DATE
> Task :app:packageDebug UP-TO-DATE
> Task :app:createDebugApkListingFileRedirect UP-TO-DATE
> Task :app:assembleDebug UP-TO-DATE
> Task :livetile-client:preBuild UP-TO-DATE
> Task :livetile-client:preDebugBuild UP-TO-DATE
> Task :livetile-client:checkDebugAarMetadata UP-TO-DATE
> Task :livetile-client:mergeDebugJniLibFolders UP-TO-DATE
> Task :livetile-client:mergeDebugNativeLibs NO-SOURCE
> Task :livetile-client:stripDebugDebugSymbols NO-SOURCE
> Task :livetile-client:copyDebugJniLibsProjectAndLocalJars UP-TO-DATE
> Task :livetile-client:generateDebugResources UP-TO-DATE
> Task :livetile-client:packageDebugResources UP-TO-DATE
> Task :livetile-client:processDebugNavigationResources UP-TO-DATE
> Task :livetile-client:parseDebugLocalResources UP-TO-DATE
> Task :livetile-client:generateDebugRFile UP-TO-DATE
> Task :livetile-client:extractDebugAnnotations UP-TO-DATE
> Task :livetile-client:extractDeepLinksForAarDebug UP-TO-DATE
> Task :livetile-client:generateDebugAssets UP-TO-DATE
> Task :livetile-client:mergeDebugAssets UP-TO-DATE
> Task :livetile-client:compileDebugKotlin UP-TO-DATE
> Task :livetile-client:javaPreCompileDebug UP-TO-DATE
> Task :livetile-client:compileDebugJavaWithJavac NO-SOURCE
> Task :livetile-client:mergeDebugGeneratedProguardFiles UP-TO-DATE
> Task :livetile-client:mergeDebugConsumerProguardFiles UP-TO-DATE
> Task :livetile-client:prepareDebugArtProfile UP-TO-DATE
> Task :livetile-client:prepareLintJarForPublish UP-TO-DATE
> Task :livetile-client:processDebugManifest UP-TO-DATE
> Task :livetile-client:processDebugJavaRes UP-TO-DATE
> Task :livetile-client:mergeDebugJavaResource UP-TO-DATE
> Task :livetile-client:syncDebugLibJars UP-TO-DATE
> Task :livetile-client:writeDebugAarMetadata UP-TO-DATE
> Task :livetile-client:bundleDebugAar UP-TO-DATE
> Task :livetile-client:assembleDebug UP-TO-DATE
> Task :testapps:tileclient-a:preBuild UP-TO-DATE
> Task :testapps:tileclient-a:preDebugBuild UP-TO-DATE
> Task :testapps:tileclient-a:mergeDebugNativeDebugMetadata NO-SOURCE
> Task :livetile-client:bundleLibCompileToJarDebug UP-TO-DATE
> Task :testapps:tileclient-a:generateDebugResources UP-TO-DATE
> Task :testapps:tileclient-a:packageDebugResources UP-TO-DATE
> Task :testapps:tileclient-a:processDebugNavigationResources UP-TO-DATE
> Task :testapps:tileclient-a:parseDebugLocalResources UP-TO-DATE
> Task :testapps:tileclient-a:generateDebugRFile UP-TO-DATE
> Task :testapps:tileclient-a:compileDebugKotlin UP-TO-DATE
> Task :testapps:tileclient-a:javaPreCompileDebug UP-TO-DATE
> Task :testapps:tileclient-a:compileDebugJavaWithJavac NO-SOURCE
> Task :testapps:tileclient-a:generateDebugAssets UP-TO-DATE
> Task :testapps:tileclient-a:mergeDebugAssets UP-TO-DATE
> Task :testapps:tileclient-a:compressDebugAssets UP-TO-DATE
> Task :testapps:tileclient-a:generateDebugGlobalSynthetics UP-TO-DATE
> Task :testapps:tileclient-a:processDebugJavaRes UP-TO-DATE
> Task :testapps:tileclient-a:mergeDebugJavaResource UP-TO-DATE
> Task :testapps:tileclient-a:checkDebugDuplicateClasses UP-TO-DATE
> Task :testapps:tileclient-a:desugarDebugFileDependencies UP-TO-DATE
> Task :testapps:tileclient-a:mergeExtDexDebug UP-TO-DATE
> Task :livetile-client:bundleLibRuntimeToDirDebug UP-TO-DATE
> Task :livetile-client:mapDebugSourceSetPaths UP-TO-DATE
> Task :testapps:tileclient-a:mergeLibDexDebug UP-TO-DATE
> Task :livetile-client:compileDebugLibraryResources UP-TO-DATE
> Task :testapps:tileclient-a:checkDebugAarMetadata UP-TO-DATE
> Task :testapps:tileclient-a:mapDebugSourceSetPaths UP-TO-DATE
> Task :testapps:tileclient-a:compileDebugNavigationResources UP-TO-DATE
> Task :testapps:tileclient-a:mergeDebugResources UP-TO-DATE
> Task :testapps:tileclient-a:createDebugCompatibleScreenManifests UP-TO-DATE
> Task :livetile-client:extractDeepLinksDebug UP-TO-DATE
> Task :testapps:tileclient-a:extractDeepLinksDebug UP-TO-DATE
> Task :testapps:tileclient-a:processDebugMainManifest UP-TO-DATE
> Task :testapps:tileclient-a:processDebugManifest UP-TO-DATE
> Task :testapps:tileclient-a:processDebugManifestForPackage UP-TO-DATE
> Task :testapps:tileclient-a:processDebugResources UP-TO-DATE
> Task :testapps:tileclient-a:dexBuilderDebug UP-TO-DATE
> Task :testapps:tileclient-a:mergeProjectDexDebug UP-TO-DATE
> Task :livetile-client:copyDebugJniLibsProjectOnly UP-TO-DATE
> Task :testapps:tileclient-a:mergeDebugJniLibFolders UP-TO-DATE
> Task :testapps:tileclient-a:mergeDebugNativeLibs NO-SOURCE
> Task :testapps:tileclient-a:stripDebugDebugSymbols NO-SOURCE
> Task :testapps:tileclient-a:validateSigningDebug UP-TO-DATE
> Task :testapps:tileclient-a:writeDebugAppMetadata UP-TO-DATE
> Task :testapps:tileclient-a:writeDebugSigningConfigVersions UP-TO-DATE
> Task :testapps:tileclient-a:packageDebug UP-TO-DATE
> Task :testapps:tileclient-a:createDebugApkListingFileRedirect UP-TO-DATE
> Task :testapps:tileclient-a:assembleDebug UP-TO-DATE
> Task :testapps:tileclient-b:preBuild UP-TO-DATE
> Task :testapps:tileclient-b:preDebugBuild UP-TO-DATE
> Task :testapps:tileclient-b:mergeDebugNativeDebugMetadata NO-SOURCE
> Task :testapps:tileclient-b:generateDebugResources UP-TO-DATE
> Task :testapps:tileclient-b:packageDebugResources UP-TO-DATE
> Task :testapps:tileclient-b:processDebugNavigationResources UP-TO-DATE
> Task :testapps:tileclient-b:parseDebugLocalResources UP-TO-DATE
> Task :testapps:tileclient-b:generateDebugRFile UP-TO-DATE
> Task :testapps:tileclient-b:compileDebugKotlin UP-TO-DATE
> Task :testapps:tileclient-b:javaPreCompileDebug UP-TO-DATE
> Task :testapps:tileclient-b:compileDebugJavaWithJavac NO-SOURCE
> Task :testapps:tileclient-b:generateDebugAssets UP-TO-DATE
> Task :testapps:tileclient-b:mergeDebugAssets UP-TO-DATE
> Task :testapps:tileclient-b:compressDebugAssets UP-TO-DATE
> Task :testapps:tileclient-b:generateDebugGlobalSynthetics UP-TO-DATE
> Task :testapps:tileclient-b:processDebugJavaRes UP-TO-DATE
> Task :testapps:tileclient-b:mergeDebugJavaResource UP-TO-DATE
> Task :testapps:tileclient-b:checkDebugDuplicateClasses UP-TO-DATE
> Task :testapps:tileclient-b:desugarDebugFileDependencies UP-TO-DATE
> Task :testapps:tileclient-b:mergeExtDexDebug UP-TO-DATE
> Task :testapps:tileclient-b:mergeLibDexDebug UP-TO-DATE
> Task :testapps:tileclient-b:checkDebugAarMetadata UP-TO-DATE
> Task :testapps:tileclient-b:mapDebugSourceSetPaths UP-TO-DATE
> Task :testapps:tileclient-b:compileDebugNavigationResources UP-TO-DATE
> Task :testapps:tileclient-b:mergeDebugResources UP-TO-DATE
> Task :testapps:tileclient-b:createDebugCompatibleScreenManifests UP-TO-DATE
> Task :testapps:tileclient-b:extractDeepLinksDebug UP-TO-DATE
> Task :testapps:tileclient-b:processDebugMainManifest UP-TO-DATE
> Task :testapps:tileclient-b:processDebugManifest UP-TO-DATE
> Task :testapps:tileclient-b:processDebugManifestForPackage UP-TO-DATE
> Task :testapps:tileclient-b:processDebugResources UP-TO-DATE
> Task :testapps:tileclient-b:dexBuilderDebug UP-TO-DATE
> Task :testapps:tileclient-b:mergeProjectDexDebug UP-TO-DATE
> Task :testapps:tileclient-b:mergeDebugJniLibFolders UP-TO-DATE
> Task :testapps:tileclient-b:mergeDebugNativeLibs NO-SOURCE
> Task :testapps:tileclient-b:stripDebugDebugSymbols NO-SOURCE
> Task :testapps:tileclient-b:validateSigningDebug UP-TO-DATE
> Task :testapps:tileclient-b:writeDebugAppMetadata UP-TO-DATE
> Task :testapps:tileclient-b:writeDebugSigningConfigVersions UP-TO-DATE
> Task :testapps:tileclient-b:packageDebug UP-TO-DATE
> Task :testapps:tileclient-b:createDebugApkListingFileRedirect UP-TO-DATE
> Task :testapps:tileclient-b:assembleDebug UP-TO-DATE
> Task :testapps:tileclient-b2:preBuild UP-TO-DATE
> Task :testapps:tileclient-b2:preDebugBuild UP-TO-DATE
> Task :testapps:tileclient-b2:mergeDebugNativeDebugMetadata NO-SOURCE
> Task :testapps:tileclient-b2:generateDebugResources UP-TO-DATE
> Task :testapps:tileclient-b2:packageDebugResources UP-TO-DATE
> Task :testapps:tileclient-b2:processDebugNavigationResources UP-TO-DATE
> Task :testapps:tileclient-b2:parseDebugLocalResources UP-TO-DATE
> Task :testapps:tileclient-b2:generateDebugRFile UP-TO-DATE
> Task :testapps:tileclient-b2:compileDebugKotlin UP-TO-DATE
> Task :testapps:tileclient-b2:javaPreCompileDebug UP-TO-DATE
> Task :testapps:tileclient-b2:compileDebugJavaWithJavac NO-SOURCE
> Task :testapps:tileclient-b2:generateDebugAssets UP-TO-DATE
> Task :testapps:tileclient-b2:mergeDebugAssets UP-TO-DATE
> Task :testapps:tileclient-b2:compressDebugAssets UP-TO-DATE
> Task :testapps:tileclient-b2:generateDebugGlobalSynthetics UP-TO-DATE
> Task :testapps:tileclient-b2:processDebugJavaRes UP-TO-DATE
> Task :testapps:tileclient-b2:mergeDebugJavaResource UP-TO-DATE
> Task :testapps:tileclient-b2:checkDebugDuplicateClasses UP-TO-DATE
> Task :testapps:tileclient-b2:desugarDebugFileDependencies UP-TO-DATE
> Task :testapps:tileclient-b2:mergeExtDexDebug UP-TO-DATE
> Task :testapps:tileclient-b2:mergeLibDexDebug UP-TO-DATE
> Task :testapps:tileclient-b2:checkDebugAarMetadata UP-TO-DATE
> Task :testapps:tileclient-b2:mapDebugSourceSetPaths UP-TO-DATE
> Task :testapps:tileclient-b2:compileDebugNavigationResources UP-TO-DATE
> Task :testapps:tileclient-b2:mergeDebugResources UP-TO-DATE
> Task :testapps:tileclient-b2:createDebugCompatibleScreenManifests UP-TO-DATE
> Task :testapps:tileclient-b2:extractDeepLinksDebug UP-TO-DATE
> Task :testapps:tileclient-b2:processDebugMainManifest UP-TO-DATE
> Task :testapps:tileclient-b2:processDebugManifest UP-TO-DATE
> Task :testapps:tileclient-b2:processDebugManifestForPackage UP-TO-DATE
> Task :testapps:tileclient-b2:processDebugResources UP-TO-DATE
> Task :testapps:tileclient-b2:dexBuilderDebug UP-TO-DATE
> Task :testapps:tileclient-b2:mergeProjectDexDebug UP-TO-DATE
> Task :testapps:tileclient-b2:mergeDebugJniLibFolders UP-TO-DATE
> Task :testapps:tileclient-b2:mergeDebugNativeLibs NO-SOURCE
> Task :testapps:tileclient-b2:stripDebugDebugSymbols NO-SOURCE
> Task :testapps:tileclient-b2:validateSigningDebug UP-TO-DATE
> Task :testapps:tileclient-b2:writeDebugAppMetadata UP-TO-DATE
> Task :testapps:tileclient-b2:writeDebugSigningConfigVersions UP-TO-DATE
> Task :testapps:tileclient-b2:packageDebug UP-TO-DATE
> Task :testapps:tileclient-b2:createDebugApkListingFileRedirect UP-TO-DATE
> Task :testapps:tileclient-b2:assembleDebug UP-TO-DATE

BUILD SUCCESSFUL in 649ms
167 actionable tasks: 167 up-to-date
Consider enabling configuration cache to speed up this build: https://docs.gradle.org/9.7.1/userguide/configuration_cache_enabling.html
