e: file:///home/jeremyking/projects/metro-launcher/app/src/test/kotlin/app/tileshell/cortana/ReminderPhotosTest.kt:3:40 Unresolved reference 'ReminderPhotos'.
e: file:///home/jeremyking/projects/metro-launcher/app/src/test/kotlin/app/tileshell/cortana/ReminderPhotosTest.kt:24:52 Unresolved reference 'ReminderPhotos'.
e: file:///home/jeremyking/projects/metro-launcher/app/src/test/kotlin/app/tileshell/cortana/ReminderPhotosTest.kt:32:19 Unresolved reference 'ReminderPhotos'.
e: file:///home/jeremyking/projects/metro-launcher/app/src/test/kotlin/app/tileshell/cortana/ReminderPhotosTest.kt:34:42 Unresolved reference 'ReminderPhotos'.
e: file:///home/jeremyking/projects/metro-launcher/app/src/test/kotlin/app/tileshell/cortana/ReminderPhotosTest.kt:42:37 Unresolved reference 'ReminderPhotos'.
e: file:///home/jeremyking/projects/metro-launcher/app/src/test/kotlin/app/tileshell/cortana/ReminderPhotosTest.kt:43:48 Unresolved reference 'ReminderPhotos'.
e: file:///home/jeremyking/projects/metro-launcher/app/src/test/kotlin/app/tileshell/cortana/ReminderPhotosTest.kt:44:38 Unresolved reference 'ReminderPhotos'.
e: file:///home/jeremyking/projects/metro-launcher/app/src/test/kotlin/app/tileshell/cortana/ReminderPhotosTest.kt:44:70 Unresolved reference 'ReminderPhotos'.
e: file:///home/jeremyking/projects/metro-launcher/app/src/test/kotlin/app/tileshell/cortana/ReminderPhotosTest.kt:45:41 Unresolved reference 'ReminderPhotos'.
e: file:///home/jeremyking/projects/metro-launcher/app/src/test/kotlin/app/tileshell/cortana/ReminderPhotosTest.kt:45:73 Unresolved reference 'ReminderPhotos'.
e: file:///home/jeremyking/projects/metro-launcher/app/src/test/kotlin/app/tileshell/cortana/ReminderPhotosTest.kt:46:32 Unresolved reference 'ReminderPhotos'.
e: file:///home/jeremyking/projects/metro-launcher/app/src/test/kotlin/app/tileshell/cortana/ReminderPhotosTest.kt:55:21 Unresolved reference 'ReminderPhotos'.
e: file:///home/jeremyking/projects/metro-launcher/app/src/test/kotlin/app/tileshell/cortana/ReminderPhotosTest.kt:57:20 Unresolved reference 'ReminderPhotos'.
e: file:///home/jeremyking/projects/metro-launcher/app/src/test/kotlin/app/tileshell/cortana/ReminderPhotosTest.kt:57:51 Unresolved reference 'ReminderPhotos'.
e: file:///home/jeremyking/projects/metro-launcher/app/src/test/kotlin/app/tileshell/cortana/ReminderPhotosTest.kt:59:55 Unresolved reference 'ReminderPhotos'.
e: file:///home/jeremyking/projects/metro-launcher/app/src/test/kotlin/app/tileshell/cortana/ReminderPhotosTest.kt:59:86 Unresolved reference 'ReminderPhotos'.
e: file:///home/jeremyking/projects/metro-launcher/app/src/test/kotlin/app/tileshell/cortana/ReminderPhotosTest.kt:67:23 Unresolved reference 'ReminderPhotos'.
e: file:///home/jeremyking/projects/metro-launcher/app/src/test/kotlin/app/tileshell/cortana/ReminderPhotosTest.kt:67:59 Unresolved reference 'ReminderPhotos'.
e: file:///home/jeremyking/projects/metro-launcher/app/src/test/kotlin/app/tileshell/cortana/ReminderPhotosTest.kt:75:43 Unresolved reference 'ReminderPhotos'.
e: file:///home/jeremyking/projects/metro-launcher/app/src/test/kotlin/app/tileshell/cortana/ReminderPhotosTest.kt:75:91 Cannot infer type for type parameter 'T'. Specify it explicitly.
e: file:///home/jeremyking/projects/metro-launcher/app/src/test/kotlin/app/tileshell/cortana/SessionResultRegistryTest.kt:30:54 Unresolved reference 'SessionResultRegistry'.
e: file:///home/jeremyking/projects/metro-launcher/app/src/test/kotlin/app/tileshell/cortana/SessionResultRegistryTest.kt:32:19 Cannot infer type for value parameter 'requestCode'. Specify it explicitly.
e: file:///home/jeremyking/projects/metro-launcher/app/src/test/kotlin/app/tileshell/cortana/SessionResultRegistryTest.kt:32:32 Cannot infer type for implicit value parameter 'it'. Specify it explicitly.
e: file:///home/jeremyking/projects/metro-launcher/app/src/test/kotlin/app/tileshell/cortana/SessionResultRegistryTest.kt:32:35 Cannot infer type for value parameter 'onResult'. Specify it explicitly.
e: file:///home/jeremyking/projects/metro-launcher/app/src/test/kotlin/app/tileshell/cortana/SessionResultRegistryTest.kt:34:49 Cannot infer type for type parameter 'A'. Specify it explicitly.
e: file:///home/jeremyking/projects/metro-launcher/app/src/test/kotlin/app/tileshell/cortana/SessionResultRegistryTest.kt:34:49 Cannot infer type for type parameter 'B'. Specify it explicitly.
e: file:///home/jeremyking/projects/metro-launcher/app/src/test/kotlin/app/tileshell/cortana/SessionResultRegistryTest.kt:34:49 Candidate 'fun <A, B> A.to(that: B): Pair<A, B>' is inapplicable because of a receiver type mismatch.
e: file:///home/jeremyking/projects/metro-launcher/app/src/test/kotlin/app/tileshell/cortana/SessionResultRegistryTest.kt:43:83 Unresolved reference 'it'.
e: file:///home/jeremyking/projects/metro-launcher/app/src/test/kotlin/app/tileshell/cortana/SessionResultRegistryTest.kt:50:68 Unresolved reference 'it'.
e: file:///home/jeremyking/projects/metro-launcher/app/src/test/kotlin/app/tileshell/cortana/SessionResultRegistryTest.kt:58:68 Unresolved reference 'it'.
e: file:///home/jeremyking/projects/metro-launcher/app/src/test/kotlin/app/tileshell/cortana/SessionResultRegistryTest.kt:65:84 Unresolved reference 'it'.
e: file:///home/jeremyking/projects/metro-launcher/app/src/test/kotlin/app/tileshell/cortana/SessionResultRegistryTest.kt:77:71 Unresolved reference 'it'.
e: file:///home/jeremyking/projects/metro-launcher/app/src/test/kotlin/app/tileshell/cortana/SessionResultRegistryTest.kt:84:9 Unresolved reference 'CortanaResults'.
e: file:///home/jeremyking/projects/metro-launcher/app/src/test/kotlin/app/tileshell/cortana/SessionResultRegistryTest.kt:84:36 Cannot infer type for value parameter 'code'. Specify it explicitly.
e: file:///home/jeremyking/projects/metro-launcher/app/src/test/kotlin/app/tileshell/cortana/SessionResultRegistryTest.kt:84:42 Cannot infer type for implicit value parameter 'it'. Specify it explicitly.
e: file:///home/jeremyking/projects/metro-launcher/app/src/test/kotlin/app/tileshell/cortana/SessionResultRegistryTest.kt:85:58 Unresolved reference 'CortanaResults'.
e: file:///home/jeremyking/projects/metro-launcher/app/src/test/kotlin/app/tileshell/cortana/SessionResultRegistryTest.kt:86:20 Unresolved reference 'CortanaResults'.
e: file:///home/jeremyking/projects/metro-launcher/app/src/test/kotlin/app/tileshell/cortana/SessionResultRegistryTest.kt:87:53 Unresolved reference 'CortanaResults'.
e: file:///home/jeremyking/projects/metro-launcher/app/src/test/kotlin/app/tileshell/cortana/SessionResultRegistryTest.kt:93:9 Unresolved reference 'CortanaResults'.
e: file:///home/jeremyking/projects/metro-launcher/app/src/test/kotlin/app/tileshell/cortana/SessionResultRegistryTest.kt:93:35 Cannot infer type for implicit value parameter 'it'. Specify it explicitly.
e: file:///home/jeremyking/projects/metro-launcher/app/src/test/kotlin/app/tileshell/cortana/SessionResultRegistryTest.kt:93:38 Cannot infer type for implicit value parameter 'it'. Specify it explicitly.
e: file:///home/jeremyking/projects/metro-launcher/app/src/test/kotlin/app/tileshell/cortana/SessionResultRegistryTest.kt:94:9 Unresolved reference 'CortanaResults'.
e: file:///home/jeremyking/projects/metro-launcher/app/src/test/kotlin/app/tileshell/cortana/SessionResultRegistryTest.kt:95:21 Unresolved reference 'CortanaResults'.

FAILURE: Build failed with an exception.

* What went wrong:
Execution failed for task ':app:compileDebugUnitTestKotlin' (registered by plugin 'com.android.internal.application').
> A failure occurred while executing org.jetbrains.kotlin.compilerRunner.btapi.BuildToolsApiCompilationWork
   > Kotlin compiler: UNRESOLVED_IMPORT
       Kotlin compiler error
         Unresolved reference 'ReminderPhotos'.
         Location: /home/jeremyking/projects/metro-launcher/app/src/test/kotlin/app/tileshell/cortana/ReminderPhotosTest.kt line 3

* Try:
> Run with --stacktrace option to get the stack trace.
> Run with --info or --debug option to get more log output.
> Run with --scan to get full insights from a Build Scan (powered by Develocity).
> Get more help at https://help.gradle.org.

BUILD FAILED in 728ms
