> Task :app:preBuild UP-TO-DATE
> Task :app:preDebugBuild UP-TO-DATE
> Task :app:compileDebugAidl UP-TO-DATE
> Task :app:generateDebugResources
> Task :app:packageDebugResources
> Task :calc:preBuild UP-TO-DATE
> Task :calc:preDebugBuild UP-TO-DATE
> Task :calc:processDebugNavigationResources UP-TO-DATE
> Task :app:processDebugNavigationResources
> Task :calc:generateDebugResources UP-TO-DATE
> Task :calc:packageDebugResources UP-TO-DATE
> Task :calc:parseDebugLocalResources UP-TO-DATE
> Task :calc:generateDebugRFile UP-TO-DATE
> Task :calc:compileDebugKotlin UP-TO-DATE
> Task :calc:javaPreCompileDebug UP-TO-DATE
> Task :calc:compileDebugJavaWithJavac NO-SOURCE
> Task :calc:bundleLibCompileToJarDebug UP-TO-DATE
> Task :app:javaPreCompileDebug UP-TO-DATE
> Task :calc:writeDebugAarMetadata UP-TO-DATE
> Task :app:checkDebugAarMetadata UP-TO-DATE
> Task :app:mapDebugSourceSetPaths
> Task :app:compileDebugNavigationResources UP-TO-DATE
> Task :app:parseDebugLocalResources
> Task :app:createDebugCompatibleScreenManifests UP-TO-DATE
> Task :app:extractDeepLinksDebug UP-TO-DATE
> Task :calc:extractDeepLinksDebug UP-TO-DATE
> Task :calc:processDebugManifest UP-TO-DATE
> Task :app:generateDebugRFile
> Task :app:mergeDebugResources
> Task :app:processDebugMainManifest
> Task :app:processDebugManifest
> Task :calc:mapDebugSourceSetPaths UP-TO-DATE
> Task :calc:compileDebugLibraryResources UP-TO-DATE
> Task :app:preDebugUnitTestBuild UP-TO-DATE
> Task :app:javaPreCompileDebugUnitTest UP-TO-DATE
> Task :calc:bundleLibRuntimeToJarDebug UP-TO-DATE
> Task :calc:processDebugJavaRes UP-TO-DATE
> Task :app:processDebugManifestForPackage
> Task :app:processDebugResources

> Task :app:compileDebugKotlin
w: file:///home/jeremyking/projects/metro-launcher-p16/app/src/main/kotlin/app/tileshell/calendar/CalendarWrites.kt:306:13 Expression is unused.
w: file:///home/jeremyking/projects/metro-launcher-p16/app/src/main/kotlin/app/tileshell/calendar/CalendarWrites.kt:422:96 Unnecessary non-null assertion (!!) on a non-null receiver of type 'SyncMapping'.
w: file:///home/jeremyking/projects/metro-launcher-p16/app/src/main/kotlin/app/tileshell/calendar/CalendarWrites.kt:460:13 Expression is unused.

> Task :app:compileDebugJavaWithJavac UP-TO-DATE
> Task :app:processDebugJavaRes
> Task :app:bundleDebugClassesToRuntimeJar
> Task :app:bundleDebugClassesToCompileJar
> Task :app:compileDebugUnitTestKotlin
> Task :app:compileDebugUnitTestJavaWithJavac NO-SOURCE
> Task :app:processDebugUnitTestJavaRes UP-TO-DATE
> Task :app:testDebugUnitTest

[Incubating] Problems report is available at: file:///home/jeremyking/projects/metro-launcher-p16/build/reports/problems/problems-report.html

BUILD SUCCESSFUL in 6s
41 actionable tasks: 17 executed, 24 up-to-date
Consider enabling configuration cache to speed up this build: https://docs.gradle.org/9.7.1/userguide/configuration_cache_enabling.html
