> Task :app:preBuild UP-TO-DATE
> Task :app:preDebugBuild UP-TO-DATE
> Task :app:mergeDebugNativeDebugMetadata NO-SOURCE
> Task :app:compileDebugAidl UP-TO-DATE
> Task :app:generateDebugResources UP-TO-DATE
> Task :app:packageDebugResources UP-TO-DATE
> Task :calc:preBuild UP-TO-DATE
> Task :calc:preDebugBuild UP-TO-DATE
> Task :calc:processDebugNavigationResources UP-TO-DATE
> Task :app:processDebugNavigationResources UP-TO-DATE
> Task :app:parseDebugLocalResources UP-TO-DATE
> Task :app:generateDebugRFile UP-TO-DATE
> Task :calc:generateDebugResources UP-TO-DATE
> Task :calc:packageDebugResources UP-TO-DATE
> Task :calc:parseDebugLocalResources UP-TO-DATE
> Task :calc:generateDebugRFile UP-TO-DATE
> Task :calc:compileDebugKotlin UP-TO-DATE
> Task :calc:javaPreCompileDebug UP-TO-DATE
> Task :calc:compileDebugJavaWithJavac NO-SOURCE
> Task :calc:bundleLibCompileToJarDebug UP-TO-DATE
> Task :app:compileDebugKotlin UP-TO-DATE
> Task :app:javaPreCompileDebug UP-TO-DATE
> Task :app:compileDebugJavaWithJavac UP-TO-DATE
> Task :app:generateDebugAssets UP-TO-DATE
> Task :calc:generateDebugAssets UP-TO-DATE
> Task :calc:mergeDebugAssets UP-TO-DATE
> Task :app:mergeDebugAssets UP-TO-DATE
> Task :app:compressDebugAssets UP-TO-DATE
> Task :app:generateDebugGlobalSynthetics UP-TO-DATE
> Task :app:processDebugJavaRes UP-TO-DATE
> Task :calc:processDebugJavaRes UP-TO-DATE
> Task :app:checkDebugDuplicateClasses UP-TO-DATE
> Task :app:desugarDebugFileDependencies UP-TO-DATE
> Task :app:mergeExtDexDebug UP-TO-DATE
> Task :calc:bundleLibRuntimeToDirDebug UP-TO-DATE
> Task :calc:writeDebugAarMetadata UP-TO-DATE
> Task :app:checkDebugAarMetadata UP-TO-DATE
> Task :app:mapDebugSourceSetPaths UP-TO-DATE
> Task :app:compileDebugNavigationResources UP-TO-DATE
> Task :app:mergeDebugResources UP-TO-DATE
> Task :app:createDebugCompatibleScreenManifests UP-TO-DATE
> Task :app:extractDeepLinksDebug UP-TO-DATE
> Task :app:mergeLibDexDebug UP-TO-DATE
> Task :calc:extractDeepLinksDebug UP-TO-DATE
> Task :calc:processDebugManifest UP-TO-DATE
> Task :app:processDebugMainManifest UP-TO-DATE
> Task :app:processDebugManifest UP-TO-DATE
> Task :app:processDebugManifestForPackage UP-TO-DATE
> Task :calc:mapDebugSourceSetPaths UP-TO-DATE
> Task :calc:compileDebugLibraryResources UP-TO-DATE
> Task :app:processDebugResources UP-TO-DATE
> Task :app:mergeDebugJavaResource
> Task :app:dexBuilderDebug
> Task :app:mergeDebugJniLibFolders UP-TO-DATE
> Task :calc:mergeDebugJniLibFolders UP-TO-DATE
> Task :calc:mergeDebugNativeLibs NO-SOURCE
> Task :calc:copyDebugJniLibsProjectOnly UP-TO-DATE
> Task :app:mergeDebugNativeLibs UP-TO-DATE
> Task :app:stripDebugDebugSymbols UP-TO-DATE
> Task :app:validateSigningDebug UP-TO-DATE
> Task :app:writeDebugAppMetadata UP-TO-DATE
> Task :app:writeDebugSigningConfigVersions UP-TO-DATE
> Task :testapps:pick-probe:preBuild UP-TO-DATE
> Task :testapps:pick-probe:preDebugBuild UP-TO-DATE
> Task :testapps:pick-probe:mergeDebugNativeDebugMetadata NO-SOURCE
> Task :testapps:pick-probe:generateDebugResources UP-TO-DATE
> Task :testapps:pick-probe:packageDebugResources UP-TO-DATE
> Task :testapps:pick-probe:processDebugNavigationResources UP-TO-DATE
> Task :testapps:pick-probe:parseDebugLocalResources UP-TO-DATE
> Task :testapps:pick-probe:generateDebugRFile UP-TO-DATE
> Task :testapps:pick-probe:compileDebugKotlin UP-TO-DATE
> Task :testapps:pick-probe:javaPreCompileDebug UP-TO-DATE
> Task :testapps:pick-probe:compileDebugJavaWithJavac NO-SOURCE
> Task :testapps:pick-probe:generateDebugAssets UP-TO-DATE
> Task :testapps:pick-probe:mergeDebugAssets UP-TO-DATE
> Task :testapps:pick-probe:compressDebugAssets UP-TO-DATE
> Task :testapps:pick-probe:generateDebugGlobalSynthetics UP-TO-DATE
> Task :testapps:pick-probe:processDebugJavaRes UP-TO-DATE
> Task :testapps:pick-probe:mergeDebugJavaResource UP-TO-DATE
> Task :testapps:pick-probe:checkDebugDuplicateClasses UP-TO-DATE
> Task :testapps:pick-probe:desugarDebugFileDependencies UP-TO-DATE
> Task :testapps:pick-probe:mergeExtDexDebug UP-TO-DATE
> Task :testapps:pick-probe:mergeLibDexDebug UP-TO-DATE
> Task :testapps:pick-probe:checkDebugAarMetadata UP-TO-DATE
> Task :testapps:pick-probe:mapDebugSourceSetPaths UP-TO-DATE
> Task :testapps:pick-probe:compileDebugNavigationResources UP-TO-DATE
> Task :testapps:pick-probe:mergeDebugResources UP-TO-DATE
> Task :testapps:pick-probe:createDebugCompatibleScreenManifests UP-TO-DATE
> Task :testapps:pick-probe:extractDeepLinksDebug UP-TO-DATE
> Task :testapps:pick-probe:processDebugMainManifest UP-TO-DATE
> Task :testapps:pick-probe:processDebugManifest UP-TO-DATE
> Task :testapps:pick-probe:processDebugManifestForPackage UP-TO-DATE
> Task :testapps:pick-probe:processDebugResources UP-TO-DATE
> Task :testapps:pick-probe:dexBuilderDebug UP-TO-DATE
> Task :testapps:pick-probe:mergeProjectDexDebug UP-TO-DATE
> Task :testapps:pick-probe:mergeDebugJniLibFolders UP-TO-DATE
> Task :testapps:pick-probe:mergeDebugNativeLibs NO-SOURCE
> Task :testapps:pick-probe:stripDebugDebugSymbols NO-SOURCE
> Task :testapps:pick-probe:validateSigningDebug UP-TO-DATE
> Task :testapps:pick-probe:writeDebugAppMetadata UP-TO-DATE
> Task :testapps:pick-probe:writeDebugSigningConfigVersions UP-TO-DATE
> Task :testapps:pick-probe:packageDebug UP-TO-DATE
> Task :testapps:pick-probe:createDebugApkListingFileRedirect UP-TO-DATE
> Task :testapps:pick-probe:assembleDebug UP-TO-DATE
> Task :app:mergeProjectDexDebug
> Task :app:packageDebug
> Task :app:createDebugApkListingFileRedirect UP-TO-DATE
> Task :app:assembleDebug

BUILD SUCCESSFUL in 6s
90 actionable tasks: 4 executed, 86 up-to-date
Consider enabling configuration cache to speed up this build: https://docs.gradle.org/9.7.1/userguide/configuration_cache_enabling.html
