# E1 2026-09-29T10:43:15-06:00
build guard: built= installed=86520f8059f3471eba850a1ef34107f0
driver: e1.sh blob ef27b48a3eaceb7326bed34eb74ebae6191324de
/home/jeremyking/projects/metro-launcher/docs/plan/qa/phase-02/scripts/../baseline_layout.json: 1 file pushed, 0 skipped. 24.3 MB/s (841 bytes in 0.000s)
order at rest: slot:PEOPLE slot:BROWSER slot:MAIL slot:CALENDAR slot:PHOTOS shell:weather slot:STORE slot:MAPS slot:MUSIC shell:settings
--- 1. hold shell:settings past 783 ms, drag onto slot:PEOPLE, release past the dwell (a move, not a folder) ---
order after the move: shell:settings slot:PEOPLE slot:BROWSER slot:MAIL slot:CALENDAR slot:PHOTOS shell:weather slot:STORE slot:MAPS slot:MUSIC
PASS  the dragged tile took the first cell (= shell:settings)
PASS  no tile gained or lost (= 10)
PASS  no folder (the release was past the dwell) (no [folder:])
--- 2. tapping a different tile moves the selection (H8) ---
unpin disc on the held tile: 173 132 266 225
tapping slot:BROWSER at 697 341
unpin disc after the tap: 
PASS  the discs moved to the newly selected tile (no [173 132 266 225])
FAIL  edit mode is still on (no [edit_disc:unpin] in [])
--- 3. resize disc: the cycle in R6 §1.2.6 ---
slot:PEOPLE starts at MEDIUM
step 1: tapping the resize disc at 547 512, expecting MEDIUM -> SMALL
PASS  resize step 1 (= SMALL)
step 2: tapping the resize disc at 379 342, expecting SMALL -> WIDE
PASS  resize step 2 (= WIDE)
step 3: tapping the resize disc at 886 512, expecting WIDE -> MEDIUM
PASS  resize step 3 (= MEDIUM)
PASS  the cycle returned to its starting size (= MEDIUM)
--- 4. unpin disc: the tile goes and the gap closes ---
tapping the unpin disc at 547 169
order after the unpin: shell:settings slot:BROWSER slot:MAIL slot:CALENDAR slot:PHOTOS shell:weather slot:STORE slot:MAPS slot:MUSIC
PASS  the unpinned tile is out of the store (no [slot:PEOPLE])
PASS  exactly one tile was removed (= 9)
PASS  and off the screen (no [tile:slot:PEOPLE"])
/home/jeremyking/projects/metro-launcher/docs/plan/qa/phase-12/E9/phase-02-E1/layout_before.json: 1 file pushed, 0 skipped. 29.5 MB/s (1039 bytes in 0.000s)
baseline layout restored
---- 11 passed, 1 failed ----
