── E10 edit mode locks the pivot; a hold on a pod does nothing; the folder-name box never swings the pivot
/home/jeremyking/projects/metro-launcher/docs/plan/qa/phase-02/scripts/../baseline_layout.json: 1 file pushed, 0 skipped. 30.0 MB/s (841 bytes in 0.000s)
PASS  layout_restore of phase 02's baseline                       = 0
PASS  C-3: the slice covers the restore (assignSlotOnce lines in it)  != 0
PASS  C-3: zero assignSlotOnce ... -> assigned lines after the restore  = 0
PASS  the burst is closed                                         = no
PASS  edit mode is on (edit discs in the dump)                    != 0
PASS  pan in edit mode: no pod_bay                                = no
PASS  pan in edit mode: dump unchanged (ids and bounds)           = same
PASS  pan in edit mode: no [podbay] opened                        does not contain [[podbay] opened]
PASS  pan in edit mode: no [start] page=POD_BAY                   does not contain [[start] page=POD_BAY]
PASS  edit mode exited                                            = 0
PASS  on the pod bay                                              = yes
PASS  hold on a pod: dump unchanged (ids and bounds)              = same
PASS  hold on a pod: no edit_disc                                 = 0
PASS  hold on a pod: no quick_burst                               = no
PASS  hold on a pod: no menu (no applist_menu, no *_menu node)    = 0
PASS  hold on a pod: nothing launched                             = app.tileshell/.StartActivity
PASS  a folder with a Name folder placeholder                     != 
PASS  the name box opened                                         = yes
PASS  name box dismissed                                          = no
PASS  the pivot stayed on Start: start_page                       = yes
PASS  the pivot stayed on Start: no pod_bay                       = no
PASS  the pivot stayed on Start: no app_list                      = no
PASS  no [start] page=APP_LIST in the slice                       does not contain [[start] page=APP_LIST]
PASS  no [start] page=POD_BAY in the slice                        does not contain [[start] page=POD_BAY]
/home/jeremyking/projects/metro-launcher/docs/plan/qa/phase-14/E10/device-layout.json: 1 file pushed, 0 skipped. 32.2 MB/s (1039 bytes in 0.000s)
PASS  restore: the device's own layout                            = 0
   E10: 25 passed, 0 failed, 0 recorded
