── E3 geometry, labels, colours, popup, dot and strip against R6 §2
panel 1080px wide: 1 phys = 0.75 px, 1 epx = 3.0 px; one pixel = 1.3333333333333333 phys = 0.3333333333333333 epx
PASS  R6 2.1.2 row 1 q width 130                                  129.33 vs 130.00 +/- 3.0
PASS  R6 2.1.2 row 1 w width 130                                  129.33 vs 130.00 +/- 3.0
PASS  R6 2.1.2 row 1 e width 130                                  129.33 vs 130.00 +/- 3.0
PASS  R6 2.1.2 row 1 r width 130                                  129.33 vs 130.00 +/- 3.0
PASS  R6 2.1.2 row 1 t width 130                                  129.33 vs 130.00 +/- 3.0
PASS  R6 2.1.2 row 1 y width 130                                  129.33 vs 130.00 +/- 3.0
PASS  R6 2.1.2 row 1 u width 130                                  129.33 vs 130.00 +/- 3.0
PASS  R6 2.1.2 row 1 i width 130                                  129.33 vs 130.00 +/- 3.0
PASS  R6 2.1.2 row 1 o width 130                                  129.33 vs 130.00 +/- 3.0
PASS  R6 2.1.2 row 1 p width 130                                  129.33 vs 130.00 +/- 3.0
PASS  R6 2.1.3 row 1 gap 0 14                                     14.67 vs 14.00 +/- 3.0
PASS  R6 2.1.3 row 1 gap 1 14                                     14.67 vs 14.00 +/- 3.0
PASS  R6 2.1.3 row 1 gap 2 14                                     14.67 vs 14.00 +/- 3.0
PASS  R6 2.1.3 row 1 gap 3 14                                     14.67 vs 14.00 +/- 3.0
PASS  R6 2.1.3 row 1 gap 4 14                                     14.67 vs 14.00 +/- 3.0
PASS  R6 2.1.3 row 1 gap 5 14                                     14.67 vs 14.00 +/- 3.0
PASS  R6 2.1.3 row 1 gap 6 14                                     14.67 vs 14.00 +/- 3.0
PASS  R6 2.1.3 row 1 gap 7 14                                     14.67 vs 14.00 +/- 3.0
PASS  R6 2.1.3 row 1 gap 8 14                                     14.67 vs 14.00 +/- 3.0
PASS  R6 2.1.4 row 1 left margin 5                                5.33 vs 5.00 +/- 4.0
PASS  R6 2.1.4 row 1 right margin 9                               9.33 vs 9.00 +/- 4.0
PASS  R6 2.1.1 column pitch = width / 10 = 144                    144.00 vs 144.00 +/- 1.5
PASS  R6 2.1.5 row 2 a width 128                                  128.00 vs 128.00 +/- 3.0
PASS  R6 2.1.5 row 2 s width 128                                  128.00 vs 128.00 +/- 3.0
PASS  R6 2.1.5 row 2 d width 128                                  128.00 vs 128.00 +/- 3.0
PASS  R6 2.1.5 row 2 f width 128                                  128.00 vs 128.00 +/- 3.0
PASS  R6 2.1.5 row 2 g width 128                                  128.00 vs 128.00 +/- 3.0
PASS  R6 2.1.5 row 2 h width 128                                  128.00 vs 128.00 +/- 3.0
PASS  R6 2.1.5 row 2 j width 128                                  128.00 vs 128.00 +/- 3.0
PASS  R6 2.1.5 row 2 k width 128                                  128.00 vs 128.00 +/- 3.0
PASS  R6 2.1.5 row 2 l width 128                                  128.00 vs 128.00 +/- 3.0
PASS  R6 2.1.5 row 2 gap 0 16                                     16.00 vs 16.00 +/- 3.0
PASS  R6 2.1.5 row 2 gap 1 16                                     16.00 vs 16.00 +/- 3.0
PASS  R6 2.1.5 row 2 gap 2 16                                     16.00 vs 16.00 +/- 3.0
PASS  R6 2.1.5 row 2 gap 3 16                                     16.00 vs 16.00 +/- 3.0
PASS  R6 2.1.5 row 2 gap 4 16                                     16.00 vs 16.00 +/- 3.0
PASS  R6 2.1.5 row 2 gap 5 16                                     16.00 vs 16.00 +/- 3.0
PASS  R6 2.1.5 row 2 gap 6 16                                     16.00 vs 16.00 +/- 3.0
PASS  R6 2.1.5 row 2 gap 7 16                                     16.00 vs 16.00 +/- 3.0
PASS  R6 2.1.6 row 2 left inset 77.5                              77.33 vs 77.50 +/- 3.0
PASS  R6 2.1.6 row 2 right inset 82                               82.67 vs 82.00 +/- 3.0
PASS  R6 2.1.7 shift 201                                          200.00 vs 201.00 +/- 2.0
PASS  R6 2.1.7 backspace 201                                      201.33 vs 201.00 +/- 2.0
PASS  R6 2.1.8 row 3 z width 128                                  128.00 vs 128.00 +/- 3.0
PASS  R6 2.1.8 row 3 x width 128                                  128.00 vs 128.00 +/- 3.0
PASS  R6 2.1.8 row 3 c width 128                                  128.00 vs 128.00 +/- 3.0
PASS  R6 2.1.8 row 3 v width 128                                  128.00 vs 128.00 +/- 3.0
PASS  R6 2.1.8 row 3 b width 128                                  128.00 vs 128.00 +/- 3.0
PASS  R6 2.1.8 row 3 n width 128                                  128.00 vs 128.00 +/- 3.0
PASS  R6 2.1.8 row 3 m width 128                                  128.00 vs 128.00 +/- 3.0
PASS  R6 2.1.8 z on the s column                                  0.00 vs 0.00 +/- 1.4
PASS  R6 2.1.8 x on the d column                                  0.00 vs 0.00 +/- 1.4
PASS  R6 2.1.8 c on the f column                                  0.00 vs 0.00 +/- 1.4
PASS  R6 2.1.8 v on the g column                                  0.00 vs 0.00 +/- 1.4
PASS  R6 2.1.8 b on the h column                                  0.00 vs 0.00 +/- 1.4
PASS  R6 2.1.8 n on the j column                                  0.00 vs 0.00 +/- 1.4
PASS  R6 2.1.8 m on the k column                                  0.00 vs 0.00 +/- 1.4
PASS  R6 2.1.9 &123 201                                           200.00 vs 201.00 +/- 3.0
PASS  R6 2.1.9 emoji 128                                          128.00 vs 128.00 +/- 3.0
PASS  R6 2.1.9 comma 128                                          128.00 vs 128.00 +/- 3.0
PASS  R6 2.1.9 space 560                                          560.00 vs 560.00 +/- 3.0
PASS  R6 2.1.9 period 128                                         128.00 vs 128.00 +/- 3.0
PASS  R6 2.1.9 Enter 201                                          201.33 vs 201.00 +/- 3.0
PASS  R6 2.1.10 key height (shortest) 202                         201.33 vs 202.00 +/- 3.0
PASS  R6 2.1.10 key height (tallest) 202                          202.67 vs 202.00 +/- 3.0
PASS  R6 2.1.11 row pitch 217.5                                   217.33 vs 217.50 +/- 1.5
PASS  R6 2.1.11 vertical gap 15                                   16.00 vs 15.00 +/- 3.0
PASS  R6 2.1.12 bottom margin to the nav bar 7                    6.67 vs 7.00 +/- 4.0
PASS  R6 2.1.13 key block 865                                     861.33 vs 865.00 +/- 5.0
PASS  R6 2.2.1 strip height 46.5 epx                              46.67 vs 46.50 +/- 1.3
PASS  R6 2.5.4 dot centre 358 from the left                       358.00 vs 358.00 +/- 3.0
PASS  R6 2.5.4 dot centre 218 above the nav bar                   216.67 vs 218.00 +/- 3.0
PASS  R6 2.5.2 accent core 21 across (+1 px)                      20.75 vs 21.00 +/- 4.333
PASS  R6 2.5.3 key-grey disc 56 across (+1 px)                    55.63 vs 56.00 +/- 5.333
PASS  R6 2.5.3 dark ring 87 outer diameter (+1 px)                85.80 vs 87.00 +/- 5.333
PASS  R6 2.1.18 panel (22,27,21) in the q/w gap R                 22.00 vs 22.00 +/- 32.0
PASS  R6 2.1.18 panel (22,27,21) in the q/w gap G                 27.00 vs 27.00 +/- 32.0
PASS  R6 2.1.18 panel (22,27,21) in the q/w gap B                 21.00 vs 21.00 +/- 32.0
PASS  R6 2.1.18 letter key (48,48,48) R                           48.00 vs 48.00 +/- 32.0
PASS  R6 2.1.18 letter key (48,48,48) G                           48.00 vs 48.00 +/- 32.0
PASS  R6 2.1.18 letter key (48,48,48) B                           48.00 vs 48.00 +/- 32.0
PASS  R6 2.1.18 function key (73,74,72) R                         73.00 vs 73.00 +/- 32.0
PASS  R6 2.1.18 function key (73,74,72) G                         74.00 vs 74.00 +/- 32.0
PASS  R6 2.1.18 function key (73,74,72) B                         72.00 vs 72.00 +/- 32.0
PASS  R6 2.1.18 labels are white (a pixel >= 223 in q's label)    != none
PASS  R6 2.1.18 sym key (73,74,72) R                              73.00 vs 73.00 +/- 32.0
PASS  R6 2.1.18 sym key (73,74,72) G                              74.00 vs 74.00 +/- 32.0
PASS  R6 2.1.18 sym key (73,74,72) B                              72.00 vs 72.00 +/- 32.0
PASS  R6 2.1.18 emoji key (73,74,72) R                            73.00 vs 73.00 +/- 32.0
PASS  R6 2.1.18 emoji key (73,74,72) G                            74.00 vs 74.00 +/- 32.0
PASS  R6 2.1.18 emoji key (73,74,72) B                            72.00 vs 72.00 +/- 32.0
PASS  R6 2.1.18 enter key (73,74,72) R                            73.00 vs 73.00 +/- 32.0
PASS  R6 2.1.18 enter key (73,74,72) G                            74.00 vs 74.00 +/- 32.0
PASS  R6 2.1.18 enter key (73,74,72) B                            72.00 vs 72.00 +/- 32.0
PASS  R6 2.1.18 comma key (48,48,48) R                            48.00 vs 48.00 +/- 32.0
PASS  R6 2.1.18 comma key (48,48,48) G                            48.00 vs 48.00 +/- 32.0
PASS  R6 2.1.18 comma key (48,48,48) B                            48.00 vs 48.00 +/- 32.0
PASS  R6 2.1.18 space key (48,48,48) R                            48.00 vs 48.00 +/- 32.0
PASS  R6 2.1.18 space key (48,48,48) G                            48.00 vs 48.00 +/- 32.0
PASS  R6 2.1.18 space key (48,48,48) B                            48.00 vs 48.00 +/- 32.0
PASS  R6 2.1.18 period key (48,48,48) R                           48.00 vs 48.00 +/- 32.0
PASS  R6 2.1.18 period key (48,48,48) G                           48.00 vs 48.00 +/- 32.0
PASS  R6 2.1.18 period key (48,48,48) B                           48.00 vs 48.00 +/- 32.0
PASS  R6 2.1.18 bksp key (73,74,72) R                             73.00 vs 73.00 +/- 32.0
PASS  R6 2.1.18 bksp key (73,74,72) G                             74.00 vs 74.00 +/- 32.0
PASS  R6 2.1.18 bksp key (73,74,72) B                             72.00 vs 72.00 +/- 32.0
PASS  R6 2.2.2 no separator above row 1 (x 106) R                 22.00 vs 22.00 +/- 32.0
PASS  R6 2.2.2 no separator above row 1 (x 106) G                 27.00 vs 27.00 +/- 32.0
PASS  R6 2.2.2 no separator above row 1 (x 106) B                 21.00 vs 21.00 +/- 32.0
PASS  R6 2.2.2 no separator above row 1 (x 538) R                 22.00 vs 22.00 +/- 32.0
PASS  R6 2.2.2 no separator above row 1 (x 538) G                 27.00 vs 27.00 +/- 32.0
PASS  R6 2.2.2 no separator above row 1 (x 538) B                 21.00 vs 21.00 +/- 32.0
PASS  R6 2.2.2 no separator above row 1 (x 970) R                 22.00 vs 22.00 +/- 32.0
PASS  R6 2.2.2 no separator above row 1 (x 970) G                 27.00 vs 27.00 +/- 32.0
PASS  R6 2.2.2 no separator above row 1 (x 970) B                 21.00 vs 21.00 +/- 32.0
PASS  R6 2.1.14 lowercase x-height 41 (+1 px)                     38.67 vs 41.00 +/- 3.333
PASS  R6 2.1.14 label centred in its key (x)                      -0.67 vs 0.00 +/- 4.333
PASS  R6 2.1.14 capital height 48 (+1 px)                         48.00 vs 48.00 +/- 4.333
PASS  R6 2.1.15 &123 text width 112 (+1 px)                       109.33 vs 112.00 +/- 4.333
PASS  R6 2.1.15 &123 digit height 40 (+1 px)                      42.67 vs 40.00 +/- 3.333
PASS  R6 2.1.17 &123 carries three hold dots                      = 3
PASS  R6 2.1.17 first dot 20 from the key's left (+1 px)          19.33 vs 20.00 +/- 5.333
PASS  R6 2.1.17 dot pitch 19 (+1 px)                              19.33 vs 19.00 +/- 5.333
PASS  R6 2.1.16 grip width 59 (+1 px)                             58.67 vs 59.00 +/- 6.333
PASS  R6 2.1.16 grip height 18 (+1 px)                            17.33 vs 18.00 +/- 6.333
PASS  R6 2.1.16 grip top 20 below the key's top (+1 px)           20.00 vs 20.00 +/- 5.333
PASS  R6 2.1.16 grip centred on the space bar (+1 px)             -0.67 vs 0.00 +/- 6.333
PASS  R6 2.3.2 popup width 173                                    173.33 vs 173.00 +/- 4.0
PASS  R6 2.3.2 popup height 233                                   233.33 vs 233.00 +/- 4.0
PASS  R6 2.3.3 popup centred on the key                           0.00 vs 0.00 +/- 2.0
PASS  R6 2.3.3 popup bottom 7 above the key's top                 6.67 vs 7.00 +/- 4.0
PASS  R6 2.3.3 popup top 25 above the row above's top             22.67 vs 25.00 +/- 4.0
PASS  R6 2.3.1 popup is accent-filled R                           0.00 vs 0.00 +/- 32.0
PASS  R6 2.3.1 popup is accent-filled G                           120.00 vs 120.00 +/- 32.0
PASS  R6 2.3.1 popup is accent-filled B                           215.00 vs 215.00 +/- 32.0
PASS  R6 2.3.1 square corners: the popup's top-left corner pixel is accent R  0.00 vs 0.00 +/- 32.0
PASS  R6 2.3.1 square corners: the popup's top-left corner pixel is accent G  120.00 vs 120.00 +/- 32.0
PASS  R6 2.3.1 square corners: the popup's top-left corner pixel is accent B  215.00 vs 215.00 +/- 32.0
PASS  R6 2.3.1 no shadow: the pixel left of the popup is the panel R  48.00 vs 22.00 +/- 32.0
PASS  R6 2.3.1 no shadow: the pixel left of the popup is the panel G  48.00 vs 27.00 +/- 32.0
PASS  R6 2.3.1 no shadow: the pixel left of the popup is the panel B  48.00 vs 21.00 +/- 32.0
PASS  R6 2.3.1 the pressed key fills with the accent R            0.00 vs 0.00 +/- 32.0
PASS  R6 2.3.1 the pressed key fills with the accent G            120.00 vs 120.00 +/- 32.0
PASS  R6 2.3.1 the pressed key fills with the accent B            215.00 vs 215.00 +/- 32.0
PASS  R6 2.3.4 popup glyph x-height 59.5 (+1 px)                  56.00 vs 59.50 +/- 6.333
PASS  R6 2.3.2 row-1 popup height 233 on screen (+1 px)           232.00 vs 233.00 +/- 5.333
PASS  R6 2.3.3 a row-1 popup rises above the panel                = yes
PASS  R6 2.3.3 a row-1 popup covers the strip                     = yes
PASS  R6 2.3.5 a function key shows no popup                      = no
PASS  R6 2.3.5 a function key only fills with the accent R        0.00 vs 0.00 +/- 32.0
PASS  R6 2.3.5 a function key only fills with the accent G        120.00 vs 120.00 +/- 32.0
PASS  R6 2.3.5 a function key only fills with the accent B        215.00 vs 215.00 +/- 32.0
PASS  R6 2.2.3 strip cap height 13.3 epx (+1 px)                  13.33 vs 13.30 +/- 1.333
PASS  R6 2.2.3 strip text vertically centred                      0.50 vs 0.00 +/- 1.333
PASS  R6 2.2.5 microphone 13 epx from the left edge (+1 px)       13.00 vs 13.00 +/- 1.733
PASS  R6 2.2.5 microphone ink 13.8 epx wide (+1 px)               13.33 vs 13.80 +/- 1.733
PASS  R6 2.2.5 microphone ink 20.3 epx tall (+1 px)               19.33 vs 20.30 +/- 1.733
PASS  R6 2.2.5 first word 28.6 epx right of the microphone (+1 px)  29.00 vs 28.60 +/- 1.733
PASS  R6 2.2.4 26 epx between suggestions (+1 px)                 26.00 vs 26.00 +/- 1.833
PASS  R6 2.2.2 the strip is the panel's colour R                  22.00 vs 22.00 +/- 32.0
PASS  R6 2.2.2 the strip is the panel's colour G                  27.00 vs 27.00 +/- 32.0
PASS  R6 2.2.2 the strip is the panel's colour B                  21.00 vs 21.00 +/- 32.0
PASS  R6 2.8.3 .com 201                                           200.00 vs 201.00 +/- 3.0
PASS  R6 2.8.3 space 418.6                                        416.00 vs 418.60 +/- 3.0
PASS  R6 2.8.3 period 201                                         200.00 vs 201.00 +/- 3.0
PASS  R6 2.8.3 URL action key is white-filled R                   254.00 vs 254.00 +/- 32.0
PASS  R6 2.8.3 URL action key is white-filled G                   255.00 vs 255.00 +/- 32.0
PASS  R6 2.8.3 URL action key is white-filled B                   253.00 vs 253.00 +/- 32.0
PASS  R6 2.8.3 .com label x-height 28 (+1 px)                     29.33 vs 28.00 +/- 3.333
PASS  R6 2.8.2 search action key is white-filled R                254.00 vs 254.00 +/- 32.0
PASS  R6 2.8.2 search action key is white-filled G                255.00 vs 255.00 +/- 32.0
PASS  R6 2.8.2 search action key is white-filled B                253.00 vs 253.00 +/- 32.0
PASS  R6 2.8.2 the search key carries a dark magnifier            != none
PASS  R6 2.8.2 search action key 201 wide                         201.33 vs 201.00 +/- 3.0
   E3: 174 passed, 0 failed
