── EDGE2 edge cases in the system: crash, force-stop, keyguard, landscape, hardware keyboard
PASS  Android restarted the keyboard's process                    != 15580
PASS  the keyboard is back on the next focus                      = yes
PASS  and types                                                   = [ok]
PASS  it is still the selected keyboard                           = app.tileshell/.ime.KeyboardService
after am force-stop app.tileshell the selected keyboard is: com.android.inputmethod.latin/.LatinIME
PASS  a force-stop makes Android select another keyboard (measured platform behaviour)  != app.tileshell/.ime.KeyboardService
PASS  N-01: the checklist shows 'Keyboard selected' missing, which is the way back  = yes
PASS  keyguard: locked (the bracket)                              = KeyguardShowing=true
PASS  keyguard: the shell keyboard is up on the password bouncer  = yes
PASS  keyguard: typing the password with it unlocks               = KeyguardShowing=false
PASS  keyguard: after the keyboard crashes on it, it comes back (restarted)  = yes
PASS  keyguard: a new :ime process                                != 16221
PASS  keyguard: and the restarted keyboard unlocks it             = KeyguardShowing=false
tap_node: no node app.tileshell.qa.imefixture:id/field_text
FAIL  Android's keyboard switcher is reachable with the shell keyboard up, and lists it  does not contain [Tessera keyboard]: text="" text="" text="" text="" text="" text="" text="" text="" text="" text="" text="What's on your mind?" text="" text="" text="Ask me anything" text="" text="" text="" text="" text="" text="" text="" text="" text="" text="" text="" t
PASS  hardware keyboard: the soft keyboard stays hidden (Android's own rule)  = no
PASS  hardware keyboard: physical keys still type with the soft keyboard hidden (review m7: this proves the keys reach the app, not the service's part in it)  = [hi]
PASS  raised keyboard: the app keeps the focused bottom field above the panel  = yes
PASS  landscape: the whole key grid is inside the window (backspace's right edge is on screen)  = yes
PASS  landscape: keys widen with the width (q = 130 phys x window width / 1440)  187.00 vs 186.78 +/- 2.0
PASS  landscape: the keyboard leaves most of the screen to the app (panel < 60 % of the height)  = yes
PASS  landscape: typing works                                     contains [and]
PASS  handedness changed after an interrupted hold: the next keyboard has the dot on the left (1077.5 phys)  1078.00 vs 1077.50 +/- 3.0
PASS  and it is not stuck dimmed from the interrupted hold (key 48)  48.00 vs 48.00 +/- 6.0
   EDGE2: 21 passed, 1 failed
