Starting a Gradle Daemon (subsequent builds will be faster)
> Task :app:preBuild UP-TO-DATE
> Task :app:preDebugBuild UP-TO-DATE
> Task :app:compileDebugAidl UP-TO-DATE
> Task :app:generateDebugResources UP-TO-DATE
> Task :app:packageDebugResources UP-TO-DATE
> Task :calc:preBuild UP-TO-DATE
> Task :calc:preDebugBuild UP-TO-DATE
> Task :calc:processDebugNavigationResources UP-TO-DATE
> Task :app:processDebugNavigationResources UP-TO-DATE
> Task :app:parseDebugLocalResources UP-TO-DATE
> Task :app:generateDebugRFile UP-TO-DATE
> Task :calc:generateDebugResources UP-TO-DATE
> Task :calc:packageDebugResources UP-TO-DATE
> Task :calc:parseDebugLocalResources UP-TO-DATE
> Task :calc:generateDebugRFile UP-TO-DATE
> Task :calc:compileDebugKotlin UP-TO-DATE
> Task :calc:javaPreCompileDebug UP-TO-DATE
> Task :calc:compileDebugJavaWithJavac NO-SOURCE
> Task :calc:bundleLibCompileToJarDebug UP-TO-DATE
> Task :app:javaPreCompileDebug UP-TO-DATE
> Task :calc:writeDebugAarMetadata UP-TO-DATE
> Task :app:checkDebugAarMetadata UP-TO-DATE
> Task :app:mapDebugSourceSetPaths UP-TO-DATE
> Task :app:compileDebugNavigationResources UP-TO-DATE
> Task :app:mergeDebugResources UP-TO-DATE
> Task :app:createDebugCompatibleScreenManifests UP-TO-DATE
> Task :app:extractDeepLinksDebug UP-TO-DATE
> Task :calc:extractDeepLinksDebug UP-TO-DATE
> Task :calc:processDebugManifest UP-TO-DATE
> Task :app:processDebugMainManifest UP-TO-DATE
> Task :app:processDebugManifest UP-TO-DATE
> Task :app:processDebugManifestForPackage UP-TO-DATE
> Task :calc:mapDebugSourceSetPaths UP-TO-DATE
> Task :calc:compileDebugLibraryResources UP-TO-DATE
> Task :app:processDebugResources UP-TO-DATE
> Task :app:preDebugUnitTestBuild UP-TO-DATE
> Task :app:javaPreCompileDebugUnitTest UP-TO-DATE
> Task :calc:bundleLibRuntimeToJarDebug UP-TO-DATE
> Task :calc:processDebugJavaRes UP-TO-DATE

> Task :app:compileDebugKotlin
w: file:///home/jeremyking/projects/metro-launcher/app/src/main/kotlin/app/tileshell/start/BackHistory.kt:29:24 'fun unsafeCheckOpNoThrow(p0: String, p1: Int, p2: String): Int' is deprecated. Deprecated in Java.

> Task :app:compileDebugJavaWithJavac UP-TO-DATE
> Task :app:processDebugJavaRes UP-TO-DATE
> Task :app:bundleDebugClassesToRuntimeJar
> Task :app:bundleDebugClassesToCompileJar
> Task :app:compileDebugUnitTestKotlin
> Task :app:compileDebugUnitTestJavaWithJavac NO-SOURCE
> Task :app:processDebugUnitTestJavaRes UP-TO-DATE

> Task :app:testDebugUnitTest FAILED

BackHistorySurfacesTest > the shell is not a system surface though it is a keyboard package FAILED
    java.lang.AssertionError at BackHistorySurfacesTest.kt:37

BackHistorySurfacesTest > an app opened again after a lock is reached by Back FAILED
    java.lang.AssertionError at BackHistorySurfacesTest.kt:45

BackHistorySurfacesTest > Start resuming ends the unlock's continuation FAILED
    java.lang.AssertionError at BackHistorySurfacesTest.kt:52

4 tests completed, 3 failed

[Incubating] Problems report is available at: file:///home/jeremyking/projects/metro-launcher/build/reports/problems/problems-report.html

FAILURE: Build failed with an exception.

* What went wrong:
Execution failed for task ':app:testDebugUnitTest'.
> There were failing tests. See the report at: file:///home/jeremyking/projects/metro-launcher/app/build/reports/tests/testDebugUnitTest/index.html

* Try:
> Run with --scan to get full insights from a Build Scan (powered by Develocity).

BUILD FAILED in 12s
41 actionable tasks: 5 executed, 36 up-to-date
