── L13-2-row-fix-120e52ec L13-2 row on fix-120e52ec: an open overlay inside a pivot page holds the pivot still; its items keep one press rule
PASS  wake: the device is awake                                   = Awake
--- (B1) the band's item: a 60-px move within it, then off it; the page holds, the press holds then ends ---
PASS  b1: the hold band is open                                   = yes
PASS  (B1) the page holds still with the finger moved on the item  = 0 0 1080 2196
PASS  (B1) and after UP                                           = 0 0 1080 2196
PASS  (B1) no pivot settle logged                                 = 0
PASS  (B1) the press holds through the move within the item (M = U + 0.15 x (255 - U) at the far pixel)  0.50 vs 0.00 +/- 4.0
PASS  (B1) the press ends when the finger leaves the item (A = U at the far pixel)  0.00 vs 0.00 +/- 2.0
PASS  (B1) the lift off the item pins nothing                     = 0
PASS  (B1) the band is still open after UP                        = yes
--- (B2) the band's item: a fast diagonal swipe that leaves the item ---
PASS  (B2) the page is where it was                               = 0 0 1080 2196
PASS  (B2) no pivot settle logged                                 = 0
PASS  (B2) nothing pinned                                         = 0
PASS  (B2) the band is still open                                 = yes
--- (B3) the band's scrim: a 60-px move, then a fast swipe ---
PASS  (B3) the page holds still with the finger moved on the scrim  = 0 0 1080 2196
PASS  (B3) a drag on the scrim leaves the band open               = yes
PASS  (B3) after a fast swipe on the scrim the page is where it was  = 0 0 1080 2196
PASS  (B3) no pivot settle logged                                 = 0
PASS  (B3) the band is still open                                 = yes
--- (B4) the other half: a tap off the band closes it, then the pivot moves ---
PASS  b4: the hold band is open                                   = yes
PASS  (B4) a tap off the band closes it                           = no
PASS  b4: the swipe moves the pivot to Start                      = 0 0 1080 2196
PASS  b4: the pivot logged its settle                             != 0
--- (B5) the other half: Back closes the band, then the pivot moves ---
PASS  b5: the hold band is open                                   = yes
PASS  (B5) Back closes the band                                   = no
PASS  b5: the swipe moves the pivot to Start                      = 0 0 1080 2196
PASS  b5: the pivot logged its settle                             != 0
--- (J1) a cell: a 30-px move within it, lifted on it, picks the letter; the page holds ---
PASS  j1: the jump grid is open                                   = yes
PASS  (J1) a second letter group exists to jump to                != 
PASS  (J1) the page holds still with the finger moved on the cell  = 0 0 1080 2196
PASS  (J1) the lift on the cell picks: the grid closes            = no
PASS  (J1) and the list jumps to the letter                       contains [jump to C]
PASS  (J1) no pivot settle logged                                 = 0
--- (J2) a cell: the finger leaves it, the lift picks nothing ---
PASS  j2: the jump grid is open                                   = yes
PASS  (J2) the page holds still                                   = 0 0 1080 2196
PASS  (J2) nothing picked: the grid stays open                    = yes
PASS  (J2) no jump                                                does not contain [jump to]
--- (J3) a cell: a fast diagonal swipe that leaves it ---
PASS  (J3) the page is where it was                               = 0 0 1080 2196
PASS  (J3) no pivot settle logged                                 = 0
PASS  (J3) the grid is still open                                 = yes
--- (J4) the grid's scrim: a 60-px move, then a fast swipe ---
PASS  (J4) the page holds still with the finger moved on the scrim  = 0 0 1080 2196
PASS  (J4) a drag on the scrim leaves the grid open               = yes
PASS  (J4) after a fast swipe on the scrim the page is where it was  = 0 0 1080 2196
PASS  (J4) no pivot settle logged                                 = 0
PASS  (J4) the grid is still open                                 = yes
--- (J5) the other half: a tap off the cells closes the grid, then the pivot moves ---
PASS  j5: the jump grid is open                                   = yes
PASS  (J5) a tap on the scrim closes the grid                     = no
PASS  j5: the swipe moves the pivot to Start                      = 0 0 1080 2196
PASS  j5: the pivot logged its settle                             != 0
--- (J6) the other half: Back closes the grid, then the pivot moves ---
PASS  j6: the jump grid is open                                   = yes
PASS  (J6) Back closes the grid                                   = no
PASS  j6: the swipe moves the pivot to Start                      = 0 0 1080 2196
PASS  j6: the pivot logged its settle                             != 0
--- (M1) a Music cell: a 30-px move within it, lifted on it, picks; the page holds ---
PASS  m1: Music's jump grid is open                               = yes
PASS  (M1) a second letter group exists to jump to                != 
PASS  (M1) the page holds still with the finger moved on the cell  = 0 330 1080 2196
PASS  (M1) the lift on the cell picks: the grid closes            = no
PASS  (M1) no pivot settle logged                                 = 0
--- (M2) a Music cell: the finger leaves it, the lift picks nothing ---
PASS  m2: Music's jump grid is open                               = yes
PASS  (M2) the page holds still                                   = 0 330 1080 2196
PASS  (M2) nothing picked: the grid stays open                    = yes
--- (M3) a Music cell: a fast diagonal swipe that leaves it ---
PASS  (M3) the page is where it was                               = 0 330 1080 2196
PASS  (M3) no pivot settle logged                                 = 0
--- (M4) Music's grid scrim: a 60-px move, then a fast swipe ---
PASS  (M4) the page holds still with the finger moved on the scrim  = 0 330 1080 2196
PASS  (M4) a drag on the scrim leaves the grid open               = yes
PASS  (M4) after a fast swipe on the scrim the page is where it was  = 0 330 1080 2196
PASS  (M4) no pivot settle logged                                 = 0
--- (M5) the other half: a tap off the cells closes the grid, then the pivot moves ---
PASS  m5: Music's jump grid is open                               = yes
PASS  (M5) a tap on the scrim closes the grid                     = no
PASS  m5: the swipe settles Music's pivot on playlists            contains [pivot settled on playlists]
--- (M6) the other half: Back closes the grid, then the pivot moves ---
PASS  m6: Music's jump grid is open                               = yes
PASS  (M6) Back closes the grid                                   = no
PASS  m6: the swipe settles Music's pivot on playlists            contains [pivot settled on playlists]
   L13-2-row-fix-120e52ec: 72 passed, 0 failed, 0 recorded
